Archive member included to satisfy reference by file (symbol)

c:/st/stm32cubeide_1.7.0/stm32cubeide/plugins/com.st.stm32cube.ide.mcu.externaltools.gnu-tools-for-stm32.10.3-2021.10.win32_1.0.0.202111181127/tools/bin/../lib/gcc/arm-none-eabi/10.3.1/../../../../arm-none-eabi/lib/thumb/v7e-m+fp/hard\libc_nano.a(lib_a-errno.o)
                              ./Core/Src/syscalls.o (__errno)
c:/st/stm32cubeide_1.7.0/stm32cubeide/plugins/com.st.stm32cube.ide.mcu.externaltools.gnu-tools-for-stm32.10.3-2021.10.win32_1.0.0.202111181127/tools/bin/../lib/gcc/arm-none-eabi/10.3.1/../../../../arm-none-eabi/lib/thumb/v7e-m+fp/hard\libc_nano.a(lib_a-exit.o)
                              c:/st/stm32cubeide_1.7.0/stm32cubeide/plugins/com.st.stm32cube.ide.mcu.externaltools.gnu-tools-for-stm32.10.3-2021.10.win32_1.0.0.202111181127/tools/bin/../lib/gcc/arm-none-eabi/10.3.1/../../../../arm-none-eabi/lib/thumb/v7e-m+fp/hard/crt0.o (exit)
c:/st/stm32cubeide_1.7.0/stm32cubeide/plugins/com.st.stm32cube.ide.mcu.externaltools.gnu-tools-for-stm32.10.3-2021.10.win32_1.0.0.202111181127/tools/bin/../lib/gcc/arm-none-eabi/10.3.1/../../../../arm-none-eabi/lib/thumb/v7e-m+fp/hard\libc_nano.a(lib_a-impure.o)
                              c:/st/stm32cubeide_1.7.0/stm32cubeide/plugins/com.st.stm32cube.ide.mcu.externaltools.gnu-tools-for-stm32.10.3-2021.10.win32_1.0.0.202111181127/tools/bin/../lib/gcc/arm-none-eabi/10.3.1/../../../../arm-none-eabi/lib/thumb/v7e-m+fp/hard\libc_nano.a(lib_a-exit.o) (_global_impure_ptr)
c:/st/stm32cubeide_1.7.0/stm32cubeide/plugins/com.st.stm32cube.ide.mcu.externaltools.gnu-tools-for-stm32.10.3-2021.10.win32_1.0.0.202111181127/tools/bin/../lib/gcc/arm-none-eabi/10.3.1/../../../../arm-none-eabi/lib/thumb/v7e-m+fp/hard\libc_nano.a(lib_a-init.o)
                              c:/st/stm32cubeide_1.7.0/stm32cubeide/plugins/com.st.stm32cube.ide.mcu.externaltools.gnu-tools-for-stm32.10.3-2021.10.win32_1.0.0.202111181127/tools/bin/../lib/gcc/arm-none-eabi/10.3.1/../../../../arm-none-eabi/lib/thumb/v7e-m+fp/hard/crt0.o (__libc_init_array)
c:/st/stm32cubeide_1.7.0/stm32cubeide/plugins/com.st.stm32cube.ide.mcu.externaltools.gnu-tools-for-stm32.10.3-2021.10.win32_1.0.0.202111181127/tools/bin/../lib/gcc/arm-none-eabi/10.3.1/../../../../arm-none-eabi/lib/thumb/v7e-m+fp/hard\libc_nano.a(lib_a-malloc.o)
                              ./Middlewares/ST/STM32_USB_Host_Library/Class/MSC/Src/usbh_msc.o (malloc)
c:/st/stm32cubeide_1.7.0/stm32cubeide/plugins/com.st.stm32cube.ide.mcu.externaltools.gnu-tools-for-stm32.10.3-2021.10.win32_1.0.0.202111181127/tools/bin/../lib/gcc/arm-none-eabi/10.3.1/../../../../arm-none-eabi/lib/thumb/v7e-m+fp/hard\libc_nano.a(lib_a-memcpy-stub.o)
                              ./Middlewares/ST/STM32_USB_Host_Library/Class/MSC/Src/usbh_msc.o (memcpy)
c:/st/stm32cubeide_1.7.0/stm32cubeide/plugins/com.st.stm32cube.ide.mcu.externaltools.gnu-tools-for-stm32.10.3-2021.10.win32_1.0.0.202111181127/tools/bin/../lib/gcc/arm-none-eabi/10.3.1/../../../../arm-none-eabi/lib/thumb/v7e-m+fp/hard\libc_nano.a(lib_a-memset.o)
                              c:/st/stm32cubeide_1.7.0/stm32cubeide/plugins/com.st.stm32cube.ide.mcu.externaltools.gnu-tools-for-stm32.10.3-2021.10.win32_1.0.0.202111181127/tools/bin/../lib/gcc/arm-none-eabi/10.3.1/../../../../arm-none-eabi/lib/thumb/v7e-m+fp/hard/crt0.o (memset)
c:/st/stm32cubeide_1.7.0/stm32cubeide/plugins/com.st.stm32cube.ide.mcu.externaltools.gnu-tools-for-stm32.10.3-2021.10.win32_1.0.0.202111181127/tools/bin/../lib/gcc/arm-none-eabi/10.3.1/../../../../arm-none-eabi/lib/thumb/v7e-m+fp/hard\libc_nano.a(lib_a-nano-freer.o)
                              c:/st/stm32cubeide_1.7.0/stm32cubeide/plugins/com.st.stm32cube.ide.mcu.externaltools.gnu-tools-for-stm32.10.3-2021.10.win32_1.0.0.202111181127/tools/bin/../lib/gcc/arm-none-eabi/10.3.1/../../../../arm-none-eabi/lib/thumb/v7e-m+fp/hard\libc_nano.a(lib_a-malloc.o) (_free_r)
c:/st/stm32cubeide_1.7.0/stm32cubeide/plugins/com.st.stm32cube.ide.mcu.externaltools.gnu-tools-for-stm32.10.3-2021.10.win32_1.0.0.202111181127/tools/bin/../lib/gcc/arm-none-eabi/10.3.1/../../../../arm-none-eabi/lib/thumb/v7e-m+fp/hard\libc_nano.a(lib_a-nano-mallocr.o)
                              c:/st/stm32cubeide_1.7.0/stm32cubeide/plugins/com.st.stm32cube.ide.mcu.externaltools.gnu-tools-for-stm32.10.3-2021.10.win32_1.0.0.202111181127/tools/bin/../lib/gcc/arm-none-eabi/10.3.1/../../../../arm-none-eabi/lib/thumb/v7e-m+fp/hard\libc_nano.a(lib_a-malloc.o) (_malloc_r)
c:/st/stm32cubeide_1.7.0/stm32cubeide/plugins/com.st.stm32cube.ide.mcu.externaltools.gnu-tools-for-stm32.10.3-2021.10.win32_1.0.0.202111181127/tools/bin/../lib/gcc/arm-none-eabi/10.3.1/../../../../arm-none-eabi/lib/thumb/v7e-m+fp/hard\libc_nano.a(lib_a-sbrkr.o)
[...]
Memory Configuration

Name             Origin             Length             Attributes
CCMRAM           0x0000000010000000 0x0000000000010000 xrw
RAM              0x0000000020000000 0x0000000000020000 xrw
FLASH            0x0000000008000000 0x0000000000100000 xr
*default*        0x0000000000000000 0xffffffffffffffff

Linker script and memory map

LOAD c:/st/stm32cubeide_1.7.0/stm32cubeide/plugins/com.st.stm32cube.ide.mcu.externaltools.gnu-tools-for-stm32.10.3-2021.10.win32_1.0.0.202111181127/tools/bin/../lib/gcc/arm-none-eabi/10.3.1/thumb/v7e-m+fp/hard/crti.o
LOAD c:/st/stm32cubeide_1.7.0/stm32cubeide/plugins/com.st.stm32cube.ide.mcu.externaltools.gnu-tools-for-stm32.10.3-2021.10.win32_1.0.0.202111181127/tools/bin/../lib/gcc/arm-none-eabi/10.3.1/thumb/v7e-m+fp/hard/crtbegin.o
LOAD c:/st/stm32cubeide_1.7.0/stm32cubeide/plugins/com.st.stm32cube.ide.mcu.externaltools.gnu-tools-for-stm32.10.3-2021.10.win32_1.0.0.202111181127/tools/bin/../lib/gcc/arm-none-eabi/10.3.1/../../../../arm-none-eabi/lib/thumb/v7e-m+fp/hard/crt0.o
LOAD ./Core/Src/AUDIO.o
LOAD ./Core/Src/AUDIO_LINK.o
LOAD ./Core/Src/File_Handling.o
LOAD ./Core/Src/cs43l22.o
LOAD ./Core/Src/main.o
LOAD ./Core/Src/stm32f4xx_hal_msp.o
LOAD ./Core/Src/stm32f4xx_hal_timebase_tim.o
LOAD ./Core/Src/stm32f4xx_it.o
LOAD ./Core/Src/syscalls.o
LOAD ./Core/Src/sysmem.o
LOAD ./Core/Src/system_stm32f4xx.o
LOAD ./Core/Src/waveplayer.o
LOAD ./Core/Startup/startup_stm32f407vgtx.o
LOAD ./Drivers/STM32F4xx_HAL_Driver/Src/stm32f4xx_hal.o
LOAD ./Drivers/STM32F4xx_HAL_Driver/Src/stm32f4xx_hal_cortex.o
LOAD ./Drivers/STM32F4xx_HAL_Driver/Src/stm32f4xx_hal_dma.o
LOAD ./Drivers/STM32F4xx_HAL_Driver/Src/stm32f4xx_hal_dma_ex.o
LOAD ./Drivers/STM32F4xx_HAL_Driver/Src/stm32f4xx_hal_exti.o
LOAD ./Drivers/STM32F4xx_HAL_Driver/Src/stm32f4xx_hal_flash.o
LOAD ./Drivers/STM32F4xx_HAL_Driver/Src/stm32f4xx_hal_flash_ex.o
LOAD ./Drivers/STM32F4xx_HAL_Driver/Src/stm32f4xx_hal_flash_ramfunc.o
LOAD ./Drivers/STM32F4xx_HAL_Driver/Src/stm32f4xx_hal_gpio.o
LOAD ./Drivers/STM32F4xx_HAL_Driver/Src/stm32f4xx_hal_hcd.o
LOAD ./Drivers/STM32F4xx_HAL_Driver/Src/stm32f4xx_hal_i2c.o
LOAD ./Drivers/STM32F4xx_HAL_Driver/Src/stm32f4xx_hal_i2c_ex.o
LOAD ./Drivers/STM32F4xx_HAL_Driver/Src/stm32f4xx_hal_i2s.o
LOAD ./Drivers/STM32F4xx_HAL_Driver/Src/stm32f4xx_hal_i2s_ex.o
LOAD ./Drivers/STM32F4xx_HAL_Driver/Src/stm32f4xx_hal_pwr.o
LOAD ./Drivers/STM32F4xx_HAL_Driver/Src/stm32f4xx_hal_pwr_ex.o
LOAD ./Drivers/STM32F4xx_HAL_Driver/Src/stm32f4xx_hal_rcc.o
LOAD ./Drivers/STM32F4xx_HAL_Driver/Src/stm32f4xx_hal_rcc_ex.o
LOAD ./Drivers/STM32F4xx_HAL_Driver/Src/stm32f4xx_hal_tim.o
LOAD ./Drivers/STM32F4xx_HAL_Driver/Src/stm32f4xx_hal_tim_ex.o
LOAD ./Drivers/STM32F4xx_HAL_Driver/Src/stm32f4xx_ll_usb.o
LOAD ./FATFS/App/fatfs.o
LOAD ./FATFS/Target/usbh_diskio.o
LOAD ./Middlewares/ST/STM32_USB_Host_Library/Class/MSC/Src/usbh_msc.o
LOAD ./Middlewares/ST/STM32_USB_Host_Library/Class/MSC/Src/usbh_msc_bot.o
LOAD ./Middlewares/ST/STM32_USB_Host_Library/Class/MSC/Src/usbh_msc_scsi.o
LOAD ./Middlewares/ST/STM32_USB_Host_Library/Core/Src/usbh_core.o
LOAD ./Middlewares/ST/STM32_USB_Host_Library/Core/Src/usbh_ctlreq.o
LOAD ./Middlewares/ST/STM32_USB_Host_Library/Core/Src/usbh_ioreq.o
LOAD ./Middlewares/ST/STM32_USB_Host_Library/Core/Src/usbh_pipes.o
LOAD ./Middlewares/Third_Party/FatFs/src/diskio.o
LOAD ./Middlewares/Third_Party/FatFs/src/ff.o
LOAD ./Middlewares/Third_Party/FatFs/src/ff_gen_drv.o
LOAD ./Middlewares/Third_Party/FatFs/src/option/ccsbcs.o
LOAD ./Middlewares/Third_Party/FatFs/src/option/syscall.o
LOAD ./USB_HOST/App/usb_host.o
LOAD ./USB_HOST/Target/usbh_conf.o
LOAD ./USB_HOST/Target/usbh_platform.o
START GROUP
LOAD c:/st/stm32cubeide_1.7.0/stm32cubeide/plugins/com.st.stm32cube.ide.mcu.externaltools.gnu-tools-for-stm32.10.3-2021.10.win32_1.0.0.202111181127/tools/bin/../lib/gcc/arm-none-eabi/10.3.1/../../../../arm-none-eabi/lib/thumb/v7e-m+fp/hard\libc_nano.a
LOAD c:/st/stm32cubeide_1.7.0/stm32cubeide/plugins/com.st.stm32cube.ide.mcu.externaltools.gnu-tools-for-stm32.10.3-2021.10.win32_1.0.0.202111181127/tools/bin/../lib/gcc/arm-none-eabi/10.3.1/../../../../arm-none-eabi/lib/thumb/v7e-m+fp/hard\libm.a
END GROUP
START GROUP
LOAD c:/st/stm32cubeide_1.7.0/stm32cubeide/plugins/com.st.stm32cube.ide.mcu.externaltools.gnu-tools-for-stm32.10.3-2021.10.win32_1.0.0.202111181127/tools/bin/../lib/gcc/arm-none-eabi/10.3.1/thumb/v7e-m+fp/hard\libgcc.a
LOAD c:/st/stm32cubeide_1.7.0/stm32cubeide/plugins/com.st.stm32cube.ide.mcu.externaltools.gnu-tools-for-stm32.10.3-2021.10.win32_1.0.0.202111181127/tools/bin/../lib/gcc/arm-none-eabi/10.3.1/../../../../arm-none-eabi/lib/thumb/v7e-m+fp/hard\libc_nano.a
END GROUP
START GROUP
LOAD c:/st/stm32cubeide_1.7.0/stm32cubeide/plugins/com.st.stm32cube.ide.mcu.externaltools.gnu-tools-for-stm32.10.3-2021.10.win32_1.0.0.202111181127/tools/bin/../lib/gcc/arm-none-eabi/10.3.1/thumb/v7e-m+fp/hard\libgcc.a
LOAD c:/st/stm32cubeide_1.7.0/stm32cubeide/plugins/com.st.stm32cube.ide.mcu.externaltools.gnu-tools-for-stm32.10.3-2021.10.win32_1.0.0.202111181127/tools/bin/../lib/gcc/arm-none-eabi/10.3.1/../../../../arm-none-eabi/lib/thumb/v7e-m+fp/hard\libc_nano.a
LOAD c:/st/stm32cubeide_1.7.0/stm32cubeide/plugins/com.st.stm32cube.ide.mcu.externaltools.gnu-tools-for-stm32.10.3-2021.10.win32_1.0.0.202111181127/tools/bin/../lib/gcc/arm-none-eabi/10.3.1/../../../../arm-none-eabi/lib/thumb/v7e-m+fp/hard\libnosys.a
END GROUP
START GROUP
LOAD c:/st/stm32cubeide_1.7.0/stm32cubeide/plugins/com.st.stm32cube.ide.mcu.externaltools.gnu-tools-for-stm32.10.3-2021.10.win32_1.0.0.202111181127/tools/bin/../lib/gcc/arm-none-eabi/10.3.1/thumb/v7e-m+fp/hard\libgcc.a
LOAD c:/st/stm32cubeide_1.7.0/stm32cubeide/plugins/com.st.stm32cube.ide.mcu.externaltools.gnu-tools-for-stm32.10.3-2021.10.win32_1.0.0.202111181127/tools/bin/../lib/gcc/arm-none-eabi/10.3.1/../../../../arm-none-eabi/lib/thumb/v7e-m+fp/hard\libc_nano.a
LOAD c:/st/stm32cubeide_1.7.0/stm32cubeide/plugins/com.st.stm32cube.ide.mcu.externaltools.gnu-tools-for-stm32.10.3-2021.10.win32_1.0.0.202111181127/tools/bin/../lib/gcc/arm-none-eabi/10.3.1/../../../../arm-none-eabi/lib/thumb/v7e-m+fp/hard\libnosys.a
END GROUP
LOAD c:/st/stm32cubeide_1.7.0/stm32cubeide/plugins/com.st.stm32cube.ide.mcu.externaltools.gnu-tools-for-stm32.10.3-2021.10.win32_1.0.0.202111181127/tools/bin/../lib/gcc/arm-none-eabi/10.3.1/thumb/v7e-m+fp/hard/crtend.o
LOAD c:/st/stm32cubeide_1.7.0/stm32cubeide/plugins/com.st.stm32cube.ide.mcu.externaltools.gnu-tools-for-stm32.10.3-2021.10.win32_1.0.0.202111181127/tools/bin/../lib/gcc/arm-none-eabi/10.3.1/thumb/v7e-m+fp/hard/crtn.o
                0x0000000020020000                _estack = (ORIGIN (RAM) + LENGTH (RAM))
                0x0000000000000200                _Min_Heap_Size = 0x200
                0x0000000000000400                _Min_Stack_Size = 0x400

.isr_vector     0x0000000008000000      0x188
                0x0000000008000000                . = ALIGN (0x4)
 *(.isr_vector)
 .isr_vector    0x0000000008000000      0x188 ./Core/Startup/startup_stm32f407vgtx.o
                0x0000000008000000                g_pfnVectors
                0x0000000008000188                . = ALIGN (0x4)

.text           0x0000000008000188     0xfc98
                0x0000000008000188                . = ALIGN (0x4)
 *(.text)
 .text          0x0000000008000188       0x40 c:/st/stm32cubeide_1.7.0/stm32cubeide/plugins/com.st.stm32cube.ide.mcu.externaltools.gnu-tools-for-stm32.10.3-2021.10.win32_1.0.0.202111181127/tools/bin/../lib/gcc/arm-none-eabi/10.3.1/thumb/v7e-m+fp/hard/crtbegin.o
 .text          0x00000000080001c8       0x30 c:/st/stm32cubeide_1.7.0/stm32cubeide/plugins/com.st.stm32cube.ide.mcu.externaltools.gnu-tools-for-stm32.10.3-2021.10.win32_1.0.0.202111181127/tools/bin/../lib/gcc/arm-none-eabi/10.3.1/thumb/v7e-m+fp/hard\libgcc.a(_aeabi_uldivmod.o)
                0x00000000080001c8                __aeabi_uldivmod
 .text          0x00000000080001f8      0x2d0 c:/st/stm32cubeide_1.7.0/stm32cubeide/plugins/com.st.stm32cube.ide.mcu.externaltools.gnu-tools-for-stm32.10.3-2021.10.win32_1.0.0.202111181127/tools/bin/../lib/gcc/arm-none-eabi/10.3.1/thumb/v7e-m+fp/hard\libgcc.a(_udivmoddi4.o)
                0x00000000080001f8                __udivmoddi4
 .text          0x00000000080004c8        0x4 c:/st/stm32cubeide_1.7.0/stm32cubeide/plugins/com.st.stm32cube.ide.mcu.externaltools.gnu-tools-for-stm32.10.3-2021.10.win32_1.0.0.202111181127/tools/bin/../lib/gcc/arm-none-eabi/10.3.1/thumb/v7e-m+fp/hard\libgcc.a(_dvmd_tls.o)
                0x00000000080004c8                __aeabi_idiv0
                0x00000000080004c8                __aeabi_ldiv0
 *(.text*)
 .text.AUDIO_OUT_Init
                0x00000000080004cc       0x9c ./Core/Src/AUDIO.o
                0x00000000080004cc                AUDIO_OUT_Init
 .text.AUDIO_OUT_Play
                0x0000000008000568       0x54 ./Core/Src/AUDIO.o
                0x0000000008000568                AUDIO_OUT_Play
 .text.AUDIO_OUT_Pause
                0x00000000080005bc       0x2c ./Core/Src/AUDIO.o
                0x00000000080005bc                AUDIO_OUT_Pause
 .text.AUDIO_OUT_Resume
                0x00000000080005e8       0x2c ./Core/Src/AUDIO.o
                0x00000000080005e8                AUDIO_OUT_Resume
 .text.AUDIO_OUT_Stop
                0x0000000008000614       0x50 ./Core/Src/AUDIO.o
                0x0000000008000614                AUDIO_OUT_Stop
 .text.AUDIO_OUT_SetVolume
                0x0000000008000664       0x30 ./Core/Src/AUDIO.o
                0x0000000008000664                AUDIO_OUT_SetVolume
 .text.HAL_I2S_TxCpltCallback
                0x0000000008000694       0x24 ./Core/Src/AUDIO.o
                0x0000000008000694                HAL_I2S_TxCpltCallback
 .text.HAL_I2S_TxHalfCpltCallback
                0x00000000080006b8       0x24 ./Core/Src/AUDIO.o
                0x00000000080006b8                HAL_I2S_TxHalfCpltCallback
 .text.AUDIO_OUT_ClockConfig
                0x00000000080006dc       0xb4 ./Core/Src/AUDIO.o
                0x00000000080006dc                AUDIO_OUT_ClockConfig
 .text.AUDIO_OUT_MspInit
                0x0000000008000790      0x180 ./Core/Src/AUDIO.o
                0x0000000008000790                AUDIO_OUT_MspInit
 .text.AUDIO_OUT_Error_CallBack
                0x0000000008000910        0xe ./Core/Src/AUDIO.o
                0x0000000008000910                AUDIO_OUT_Error_CallBack
 *fill*         0x000000000800091e        0x2 
 .text.I2S3_Init
                0x0000000008000920       0x70 ./Core/Src/AUDIO.o
 .text.HAL_I2S_ErrorCallback
                0x0000000008000990       0x24 ./Core/Src/AUDIO.o
                0x0000000008000990                HAL_I2S_ErrorCallback
 .text.I2Cx_Init
                0x00000000080009b4       0x64 ./Core/Src/AUDIO_LINK.o
 .text.I2Cx_WriteData
                0x0000000008000a18       0x50 ./Core/Src/AUDIO_LINK.o
 .text.I2Cx_ReadData
                0x0000000008000a68       0x58 ./Core/Src/AUDIO_LINK.o
 .text.I2Cx_Error
                0x0000000008000ac0       0x18 ./Core/Src/AUDIO_LINK.o
 .text.I2Cx_MspInit
                0x0000000008000ad8       0xac ./Core/Src/AUDIO_LINK.o
 .text.AUDIO_IO_Init
                0x0000000008000b84       0x70 ./Core/Src/AUDIO_LINK.o
                0x0000000008000b84                AUDIO_IO_Init
 .text.AUDIO_IO_DeInit
                0x0000000008000bf4        0xe ./Core/Src/AUDIO_LINK.o
                0x0000000008000bf4                AUDIO_IO_DeInit
 .text.AUDIO_IO_Write
                0x0000000008000c02       0x28 ./Core/Src/AUDIO_LINK.o
                0x0000000008000c02                AUDIO_IO_Write
 .text.AUDIO_IO_Read
                0x0000000008000c2a       0x28 ./Core/Src/AUDIO_LINK.o
                0x0000000008000c2a                AUDIO_IO_Read
 *fill*         0x0000000008000c52        0x2 
 .text.AUDIO_StorageParse
                0x0000000008000c54      0x13c ./Core/Src/File_Handling.o
                0x0000000008000c54                AUDIO_StorageParse
 .text.AUDIO_GetWavObjectNumber
                0x0000000008000d90       0x1c ./Core/Src/File_Handling.o
                0x0000000008000d90                AUDIO_GetWavObjectNumber
 .text.Mount_USB
                0x0000000008000dac       0x28 ./Core/Src/File_Handling.o
                0x0000000008000dac                Mount_USB
 .text.cs43l22_Init
                0x0000000008000dd4      0x1c8 ./Core/Src/cs43l22.o
                0x0000000008000dd4                cs43l22_Init
 .text.cs43l22_DeInit
                0x0000000008000f9c        0xc ./Core/Src/cs43l22.o
                0x0000000008000f9c                cs43l22_DeInit
 .text.cs43l22_ReadID
                0x0000000008000fa8       0x30 ./Core/Src/cs43l22.o
                0x0000000008000fa8                cs43l22_ReadID
 .text.cs43l22_Play
                0x0000000008000fd8       0x74 ./Core/Src/cs43l22.o
                0x0000000008000fd8                cs43l22_Play
 .text.cs43l22_Pause
                0x000000000800104c       0x42 ./Core/Src/cs43l22.o
                0x000000000800104c                cs43l22_Pause
 *fill*         0x000000000800108e        0x2 
 .text.cs43l22_Resume
                0x0000000008001090       0x78 ./Core/Src/cs43l22.o
                0x0000000008001090                cs43l22_Resume
 .text.cs43l22_Stop
                0x0000000008001108       0x68 ./Core/Src/cs43l22.o
                0x0000000008001108                cs43l22_Stop
 .text.cs43l22_SetVolume
                0x0000000008001170       0xbc ./Core/Src/cs43l22.o
                0x0000000008001170                cs43l22_SetVolume
 .text.cs43l22_SetFrequency
                0x000000000800122c       0x1a ./Core/Src/cs43l22.o
                0x000000000800122c                cs43l22_SetFrequency
 *fill*         0x0000000008001246        0x2 
 .text.cs43l22_SetMute
                0x0000000008001248       0xbc ./Core/Src/cs43l22.o
                0x0000000008001248                cs43l22_SetMute
 .text.cs43l22_SetOutputMode
                0x0000000008001304       0xe4 ./Core/Src/cs43l22.o
                0x0000000008001304                cs43l22_SetOutputMode
 .text.cs43l22_Reset
                0x00000000080013e8       0x18 ./Core/Src/cs43l22.o
                0x00000000080013e8                cs43l22_Reset
 .text.CODEC_IO_Write
                0x0000000008001400       0x2e ./Core/Src/cs43l22.o
 *fill*         0x000000000800142e        0x2 
 .text.HAL_GPIO_EXTI_Callback
                0x0000000008001430       0x6c ./Core/Src/main.o
                0x0000000008001430                HAL_GPIO_EXTI_Callback
 .text.main     0x000000000800149c       0x68 ./Core/Src/main.o
                0x000000000800149c                main
 .text.SystemClock_Config
                0x0000000008001504       0xd4 ./Core/Src/main.o
                0x0000000008001504                SystemClock_Config
 .text.MX_I2C1_Init
                0x00000000080015d8       0x5c ./Core/Src/main.o
 .text.MX_I2S3_Init
                0x0000000008001634       0x5c ./Core/Src/main.o
 .text.MX_DMA_Init
                0x0000000008001690       0x40 ./Core/Src/main.o
 .text.MX_GPIO_Init
                0x00000000080016d0      0x12c ./Core/Src/main.o
 .text.HAL_TIM_PeriodElapsedCallback
                0x00000000080017fc       0x24 ./Core/Src/main.o
                0x00000000080017fc                HAL_TIM_PeriodElapsedCallback
 .text.Error_Handler
                0x0000000008001820        0xa ./Core/Src/main.o
                0x0000000008001820                Error_Handler
 *fill*         0x000000000800182a        0x2 
 .text.HAL_MspInit
                0x000000000800182c       0x50 ./Core/Src/stm32f4xx_hal_msp.o
                0x000000000800182c                HAL_MspInit
 .text.HAL_I2C_MspInit
                0x000000000800187c       0x90 ./Core/Src/stm32f4xx_hal_msp.o
                0x000000000800187c                HAL_I2C_MspInit
 .text.HAL_I2C_MspDeInit
                0x000000000800190c       0x44 ./Core/Src/stm32f4xx_hal_msp.o
                0x000000000800190c                HAL_I2C_MspDeInit
 .text.HAL_I2S_MspInit
                0x0000000008001950      0x17c ./Core/Src/stm32f4xx_hal_msp.o
                0x0000000008001950                HAL_I2S_MspInit
 .text.HAL_InitTick
                0x0000000008001acc       0xb4 ./Core/Src/stm32f4xx_hal_timebase_tim.o
                0x0000000008001acc                HAL_InitTick
 .text.NMI_Handler
                0x0000000008001b80        0x6 ./Core/Src/stm32f4xx_it.o
                0x0000000008001b80                NMI_Handler
 .text.HardFault_Handler
                0x0000000008001b86        0x6 ./Core/Src/stm32f4xx_it.o
                0x0000000008001b86                HardFault_Handler
 .text.MemManage_Handler
                0x0000000008001b8c        0x6 ./Core/Src/stm32f4xx_it.o
                0x0000000008001b8c                MemManage_Handler
 .text.BusFault_Handler
                0x0000000008001b92        0x6 ./Core/Src/stm32f4xx_it.o
                0x0000000008001b92                BusFault_Handler
 .text.UsageFault_Handler
                0x0000000008001b98        0x6 ./Core/Src/stm32f4xx_it.o
                0x0000000008001b98                UsageFault_Handler
 .text.SVC_Handler
                0x0000000008001b9e        0xe ./Core/Src/stm32f4xx_it.o
                0x0000000008001b9e                SVC_Handler
 .text.DebugMon_Handler
                0x0000000008001bac        0xe ./Core/Src/stm32f4xx_it.o
                0x0000000008001bac                DebugMon_Handler
 .text.PendSV_Handler
                0x0000000008001bba        0xe ./Core/Src/stm32f4xx_it.o
                0x0000000008001bba                PendSV_Handler
 .text.SysTick_Handler
                0x0000000008001bc8        0xe ./Core/Src/stm32f4xx_it.o
                0x0000000008001bc8                SysTick_Handler
 .text.EXTI0_IRQHandler
                0x0000000008001bd6        0xe ./Core/Src/stm32f4xx_it.o
                0x0000000008001bd6                EXTI0_IRQHandler
 .text.EXTI1_IRQHandler
                0x0000000008001be4        0xe ./Core/Src/stm32f4xx_it.o
                0x0000000008001be4                EXTI1_IRQHandler
 .text.EXTI2_IRQHandler
                0x0000000008001bf2        0xe ./Core/Src/stm32f4xx_it.o
                0x0000000008001bf2                EXTI2_IRQHandler
 .text.EXTI3_IRQHandler
                0x0000000008001c00        0xe ./Core/Src/stm32f4xx_it.o
                0x0000000008001c00                EXTI3_IRQHandler
 *fill*         0x0000000008001c0e        0x2 
 .text.DMA1_Stream5_IRQHandler
                0x0000000008001c10       0x14 ./Core/Src/stm32f4xx_it.o
                0x0000000008001c10                DMA1_Stream5_IRQHandler
 .text.EXTI9_5_IRQHandler
                0x0000000008001c24        0xe ./Core/Src/stm32f4xx_it.o
                0x0000000008001c24                EXTI9_5_IRQHandler
 *fill*         0x0000000008001c32        0x2 
 .text.TIM1_UP_TIM10_IRQHandler
                0x0000000008001c34       0x14 ./Core/Src/stm32f4xx_it.o
                0x0000000008001c34                TIM1_UP_TIM10_IRQHandler
 .text.OTG_FS_IRQHandler
                0x0000000008001c48       0x14 ./Core/Src/stm32f4xx_it.o
                0x0000000008001c48                OTG_FS_IRQHandler
 .text._sbrk    0x0000000008001c5c       0x6c ./Core/Src/sysmem.o
                0x0000000008001c5c                _sbrk
 .text.SystemInit
                0x0000000008001cc8       0x24 ./Core/Src/system_stm32f4xx.o
                0x0000000008001cc8                SystemInit
 .text.PlayerInit
                0x0000000008001cec       0x30 ./Core/Src/waveplayer.o
                0x0000000008001cec                PlayerInit
 .text.AUDIO_PLAYER_Start
                0x0000000008001d1c       0xc0 ./Core/Src/waveplayer.o
                0x0000000008001d1c                AUDIO_PLAYER_Start
 .text.AUDIO_PLAYER_Process
                0x0000000008001ddc      0x234 ./Core/Src/waveplayer.o
                0x0000000008001ddc                AUDIO_PLAYER_Process
 .text.AUDIO_OUT_TransferComplete_CallBack
                0x0000000008002010       0x28 ./Core/Src/waveplayer.o
                0x0000000008002010                AUDIO_OUT_TransferComplete_CallBack
 .text.AUDIO_OUT_HalfTransfer_CallBack
                0x0000000008002038       0x28 ./Core/Src/waveplayer.o
                0x0000000008002038                AUDIO_OUT_HalfTransfer_CallBack
 .text.Reset_Handler
                0x0000000008002060       0x50 ./Core/Startup/startup_stm32f407vgtx.o
                0x0000000008002060                Reset_Handler
 .text.Default_Handler
                0x00000000080020b0        0x2 ./Core/Startup/startup_stm32f407vgtx.o
                0x00000000080020b0                RTC_Alarm_IRQHandler
                0x00000000080020b0                HASH_RNG_IRQHandler
                0x00000000080020b0                TIM8_CC_IRQHandler
                0x00000000080020b0                TIM1_CC_IRQHandler
                0x00000000080020b0                DMA2_Stream5_IRQHandler
                0x00000000080020b0                PVD_IRQHandler
                0x00000000080020b0                SDIO_IRQHandler
                0x00000000080020b0                TAMP_STAMP_IRQHandler
                0x00000000080020b0                CAN2_RX1_IRQHandler
                0x00000000080020b0                TIM8_TRG_COM_TIM14_IRQHandler
                0x00000000080020b0                TIM8_UP_TIM13_IRQHandler
                0x00000000080020b0                I2C3_ER_IRQHandler
                0x00000000080020b0                I2C2_EV_IRQHandler
                0x00000000080020b0                DMA1_Stream2_IRQHandler
                0x00000000080020b0                CAN1_RX0_IRQHandler
                0x00000000080020b0                FPU_IRQHandler
                0x00000000080020b0                OTG_HS_WKUP_IRQHandler
                0x00000000080020b0                CAN2_SCE_IRQHandler
                0x00000000080020b0                DMA2_Stream2_IRQHandler
                0x00000000080020b0                SPI1_IRQHandler
                0x00000000080020b0                TIM6_DAC_IRQHandler
                0x00000000080020b0                TIM1_BRK_TIM9_IRQHandler
                0x00000000080020b0                DCMI_IRQHandler
                0x00000000080020b0                CAN2_RX0_IRQHandler
                0x00000000080020b0                DMA2_Stream3_IRQHandler
                0x00000000080020b0                USART6_IRQHandler
                0x00000000080020b0                USART3_IRQHandler
                0x00000000080020b0                CAN1_RX1_IRQHandler
                0x00000000080020b0                UART5_IRQHandler
                0x00000000080020b0                DMA2_Stream0_IRQHandler
                0x00000000080020b0                TIM4_IRQHandler
                0x00000000080020b0                I2C1_EV_IRQHandler
                0x00000000080020b0                DMA1_Stream6_IRQHandler
                0x00000000080020b0                DMA1_Stream1_IRQHandler
                0x00000000080020b0                UART4_IRQHandler
                0x00000000080020b0                TIM3_IRQHandler
                0x00000000080020b0                RCC_IRQHandler
                0x00000000080020b0                TIM8_BRK_TIM12_IRQHandler
                0x00000000080020b0                Default_Handler
                0x00000000080020b0                EXTI15_10_IRQHandler
                0x00000000080020b0                ADC_IRQHandler
                0x00000000080020b0                DMA1_Stream7_IRQHandler
                0x00000000080020b0                TIM7_IRQHandler
                0x00000000080020b0                CAN2_TX_IRQHandler
                0x00000000080020b0                TIM5_IRQHandler
                0x00000000080020b0                DMA2_Stream7_IRQHandler
                0x00000000080020b0                I2C3_EV_IRQHandler
                0x00000000080020b0                RTC_WKUP_IRQHandler
                0x00000000080020b0                ETH_WKUP_IRQHandler
                0x00000000080020b0                SPI2_IRQHandler
                0x00000000080020b0                OTG_HS_EP1_IN_IRQHandler
                0x00000000080020b0                DMA1_Stream0_IRQHandler
                0x00000000080020b0                CAN1_TX_IRQHandler
                0x00000000080020b0                EXTI4_IRQHandler
                0x00000000080020b0                FSMC_IRQHandler
                0x00000000080020b0                ETH_IRQHandler
                0x00000000080020b0                OTG_HS_EP1_OUT_IRQHandler
                0x00000000080020b0                WWDG_IRQHandler
                0x00000000080020b0                TIM2_IRQHandler
                0x00000000080020b0                OTG_FS_WKUP_IRQHandler
                0x00000000080020b0                TIM1_TRG_COM_TIM11_IRQHandler
                0x00000000080020b0                OTG_HS_IRQHandler
                0x00000000080020b0                USART2_IRQHandler
                0x00000000080020b0                I2C2_ER_IRQHandler
                0x00000000080020b0                DMA2_Stream1_IRQHandler
                0x00000000080020b0                CAN1_SCE_IRQHandler
                0x00000000080020b0                FLASH_IRQHandler
                0x00000000080020b0                DMA2_Stream4_IRQHandler
                0x00000000080020b0                USART1_IRQHandler
                0x00000000080020b0                SPI3_IRQHandler
                0x00000000080020b0                DMA1_Stream4_IRQHandler
                0x00000000080020b0                I2C1_ER_IRQHandler
                0x00000000080020b0                DMA2_Stream6_IRQHandler
                0x00000000080020b0                DMA1_Stream3_IRQHandler
 *fill*         0x00000000080020b2        0x2 
 .text.HAL_Init
                0x00000000080020b4       0x44 ./Drivers/STM32F4xx_HAL_Driver/Src/stm32f4xx_hal.o
                0x00000000080020b4                HAL_Init
 .text.HAL_IncTick
                0x00000000080020f8       0x28 ./Drivers/STM32F4xx_HAL_Driver/Src/stm32f4xx_hal.o
                0x00000000080020f8                HAL_IncTick
 .text.HAL_GetTick
                0x0000000008002120       0x18 ./Drivers/STM32F4xx_HAL_Driver/Src/stm32f4xx_hal.o
                0x0000000008002120                HAL_GetTick
 .text.HAL_Delay
                0x0000000008002138       0x48 ./Drivers/STM32F4xx_HAL_Driver/Src/stm32f4xx_hal.o
                0x0000000008002138                HAL_Delay
 .text.__NVIC_SetPriorityGrouping
                0x0000000008002180       0x48 ./Drivers/STM32F4xx_HAL_Driver/Src/stm32f4xx_hal_cortex.o
 .text.__NVIC_GetPriorityGrouping
                0x00000000080021c8       0x1c ./Drivers/STM32F4xx_HAL_Driver/Src/stm32f4xx_hal_cortex.o
 .text.__NVIC_EnableIRQ
                0x00000000080021e4       0x3c ./Drivers/STM32F4xx_HAL_Driver/Src/stm32f4xx_hal_cortex.o
 .text.__NVIC_SetPriority
                0x0000000008002220       0x54 ./Drivers/STM32F4xx_HAL_Driver/Src/stm32f4xx_hal_cortex.o
 .text.NVIC_EncodePriority
                0x0000000008002274       0x66 ./Drivers/STM32F4xx_HAL_Driver/Src/stm32f4xx_hal_cortex.o
 .text.HAL_NVIC_SetPriorityGrouping
                0x00000000080022da       0x16 ./Drivers/STM32F4xx_HAL_Driver/Src/stm32f4xx_hal_cortex.o
                0x00000000080022da                HAL_NVIC_SetPriorityGrouping
 .text.HAL_NVIC_SetPriority
                0x00000000080022f0       0x38 ./Drivers/STM32F4xx_HAL_Driver/Src/stm32f4xx_hal_cortex.o
                0x00000000080022f0                HAL_NVIC_SetPriority
 .text.HAL_NVIC_EnableIRQ
                0x0000000008002328       0x1c ./Drivers/STM32F4xx_HAL_Driver/Src/stm32f4xx_hal_cortex.o
                0x0000000008002328                HAL_NVIC_EnableIRQ
 .text.HAL_DMA_Init
                0x0000000008002344      0x15c ./Drivers/STM32F4xx_HAL_Driver/Src/stm32f4xx_hal_dma.o
                0x0000000008002344                HAL_DMA_Init
 .text.HAL_DMA_DeInit
                0x00000000080024a0       0xbc ./Drivers/STM32F4xx_HAL_Driver/Src/stm32f4xx_hal_dma.o
                0x00000000080024a0                HAL_DMA_DeInit
 .text.HAL_DMA_Start_IT
                0x000000000800255c       0xb0 ./Drivers/STM32F4xx_HAL_Driver/Src/stm32f4xx_hal_dma.o
                0x000000000800255c                HAL_DMA_Start_IT
 .text.HAL_DMA_Abort
                0x000000000800260c       0xe0 ./Drivers/STM32F4xx_HAL_Driver/Src/stm32f4xx_hal_dma.o
                0x000000000800260c                HAL_DMA_Abort
 .text.HAL_DMA_IRQHandler
                0x00000000080026ec      0x314 ./Drivers/STM32F4xx_HAL_Driver/Src/stm32f4xx_hal_dma.o
                0x00000000080026ec                HAL_DMA_IRQHandler
 .text.DMA_SetConfig
                0x0000000008002a00       0x5c ./Drivers/STM32F4xx_HAL_Driver/Src/stm32f4xx_hal_dma.o
 .text.DMA_CalcBaseAndBitshift
                0x0000000008002a5c       0x6c ./Drivers/STM32F4xx_HAL_Driver/Src/stm32f4xx_hal_dma.o
 .text.DMA_CheckFifoParam
                0x0000000008002ac8       0xf8 ./Drivers/STM32F4xx_HAL_Driver/Src/stm32f4xx_hal_dma.o
 .text.HAL_GPIO_Init
                0x0000000008002bc0      0x338 ./Drivers/STM32F4xx_HAL_Driver/Src/stm32f4xx_hal_gpio.o
                0x0000000008002bc0                HAL_GPIO_Init
 .text.HAL_GPIO_DeInit
                0x0000000008002ef8      0x1f8 ./Drivers/STM32F4xx_HAL_Driver/Src/stm32f4xx_hal_gpio.o
                0x0000000008002ef8                HAL_GPIO_DeInit
 .text.HAL_GPIO_WritePin
                0x00000000080030f0       0x32 ./Drivers/STM32F4xx_HAL_Driver/Src/stm32f4xx_hal_gpio.o
                0x00000000080030f0                HAL_GPIO_WritePin
 *fill*         0x0000000008003122        0x2 
 .text.HAL_GPIO_EXTI_IRQHandler
                0x0000000008003124       0x30 ./Drivers/STM32F4xx_HAL_Driver/Src/stm32f4xx_hal_gpio.o
                0x0000000008003124                HAL_GPIO_EXTI_IRQHandler
 .text.HAL_HCD_Init
                0x0000000008003154       0xc4 ./Drivers/STM32F4xx_HAL_Driver/Src/stm32f4xx_hal_hcd.o
                0x0000000008003154                HAL_HCD_Init
 .text.HAL_HCD_HC_Init
                0x0000000008003218      0x11e ./Drivers/STM32F4xx_HAL_Driver/Src/stm32f4xx_hal_hcd.o
                0x0000000008003218                HAL_HCD_HC_Init
 .text.HAL_HCD_HC_Halt
                0x0000000008003336       0x46 ./Drivers/STM32F4xx_HAL_Driver/Src/stm32f4xx_hal_hcd.o
                0x0000000008003336                HAL_HCD_HC_Halt
 .text.HAL_HCD_HC_SubmitRequest
                0x000000000800337c      0x2ac ./Drivers/STM32F4xx_HAL_Driver/Src/stm32f4xx_hal_hcd.o
                0x000000000800337c                HAL_HCD_HC_SubmitRequest
 .text.HAL_HCD_IRQHandler
                0x0000000008003628      0x216 ./Drivers/STM32F4xx_HAL_Driver/Src/stm32f4xx_hal_hcd.o
                0x0000000008003628                HAL_HCD_IRQHandler
 .text.HAL_HCD_Start
                0x000000000800383e       0x46 ./Drivers/STM32F4xx_HAL_Driver/Src/stm32f4xx_hal_hcd.o
                0x000000000800383e                HAL_HCD_Start
 .text.HAL_HCD_Stop
                0x0000000008003884       0x3a ./Drivers/STM32F4xx_HAL_Driver/Src/stm32f4xx_hal_hcd.o
                0x0000000008003884                HAL_HCD_Stop
 .text.HAL_HCD_ResetPort
                0x00000000080038be       0x1c ./Drivers/STM32F4xx_HAL_Driver/Src/stm32f4xx_hal_hcd.o
                0x00000000080038be                HAL_HCD_ResetPort
 .text.HAL_HCD_HC_GetURBState
                0x00000000080038da       0x28 ./Drivers/STM32F4xx_HAL_Driver/Src/stm32f4xx_hal_hcd.o
                0x00000000080038da                HAL_HCD_HC_GetURBState
 .text.HAL_HCD_HC_GetXferCount
                0x0000000008003902       0x28 ./Drivers/STM32F4xx_HAL_Driver/Src/stm32f4xx_hal_hcd.o
                0x0000000008003902                HAL_HCD_HC_GetXferCount
 .text.HAL_HCD_GetCurrentFrame
                0x000000000800392a       0x1c ./Drivers/STM32F4xx_HAL_Driver/Src/stm32f4xx_hal_hcd.o
                0x000000000800392a                HAL_HCD_GetCurrentFrame
 .text.HAL_HCD_GetCurrentSpeed
                0x0000000008003946       0x1c ./Drivers/STM32F4xx_HAL_Driver/Src/stm32f4xx_hal_hcd.o
                0x0000000008003946                HAL_HCD_GetCurrentSpeed
 .text.HCD_HC_IN_IRQHandler
                0x0000000008003962      0x844 ./Drivers/STM32F4xx_HAL_Driver/Src/stm32f4xx_hal_hcd.o
 .text.HCD_HC_OUT_IRQHandler
                0x00000000080041a6      0x802 ./Drivers/STM32F4xx_HAL_Driver/Src/stm32f4xx_hal_hcd.o
 .text.HCD_RXQLVL_IRQHandler
                0x00000000080049a8      0x1a4 ./Drivers/STM32F4xx_HAL_Driver/Src/stm32f4xx_hal_hcd.o
 .text.HCD_Port_IRQHandler
                0x0000000008004b4c       0xe6 ./Drivers/STM32F4xx_HAL_Driver/Src/stm32f4xx_hal_hcd.o
 *fill*         0x0000000008004c32        0x2 
 .text.HAL_I2C_Init
                0x0000000008004c34      0x288 ./Drivers/STM32F4xx_HAL_Driver/Src/stm32f4xx_hal_i2c.o
                0x0000000008004c34                HAL_I2C_Init
 .text.HAL_I2C_DeInit
                0x0000000008004ebc       0x5e ./Drivers/STM32F4xx_HAL_Driver/Src/stm32f4xx_hal_i2c.o
                0x0000000008004ebc                HAL_I2C_DeInit
 *fill*         0x0000000008004f1a        0x2 
 .text.HAL_I2C_Mem_Write
                0x0000000008004f1c      0x1f4 ./Drivers/STM32F4xx_HAL_Driver/Src/stm32f4xx_hal_i2c.o
                0x0000000008004f1c                HAL_I2C_Mem_Write
 .text.HAL_I2C_Mem_Read
                0x0000000008005110      0x44c ./Drivers/STM32F4xx_HAL_Driver/Src/stm32f4xx_hal_i2c.o
                0x0000000008005110                HAL_I2C_Mem_Read
 .text.HAL_I2C_GetState
                0x000000000800555c       0x1c ./Drivers/STM32F4xx_HAL_Driver/Src/stm32f4xx_hal_i2c.o
                0x000000000800555c                HAL_I2C_GetState
 .text.I2C_RequestMemoryWrite
                0x0000000008005578      0x12c ./Drivers/STM32F4xx_HAL_Driver/Src/stm32f4xx_hal_i2c.o
 .text.I2C_RequestMemoryRead
                0x00000000080056a4      0x1d0 ./Drivers/STM32F4xx_HAL_Driver/Src/stm32f4xx_hal_i2c.o
 .text.I2C_WaitOnFlagUntilTimeout
                0x0000000008005874       0xae ./Drivers/STM32F4xx_HAL_Driver/Src/stm32f4xx_hal_i2c.o
 .text.I2C_WaitOnMasterAddressFlagUntilTimeout
                0x0000000008005922       0xfe ./Drivers/STM32F4xx_HAL_Driver/Src/stm32f4xx_hal_i2c.o
 .text.I2C_WaitOnTXEFlagUntilTimeout
                0x0000000008005a20       0x82 ./Drivers/STM32F4xx_HAL_Driver/Src/stm32f4xx_hal_i2c.o
 .text.I2C_WaitOnBTFFlagUntilTimeout
                0x0000000008005aa2       0x82 ./Drivers/STM32F4xx_HAL_Driver/Src/stm32f4xx_hal_i2c.o
 .text.I2C_WaitOnRXNEFlagUntilTimeout
                0x0000000008005b24       0xac ./Drivers/STM32F4xx_HAL_Driver/Src/stm32f4xx_hal_i2c.o
 .text.I2C_IsAcknowledgeFailed
                0x0000000008005bd0       0x5e ./Drivers/STM32F4xx_HAL_Driver/Src/stm32f4xx_hal_i2c.o
 *fill*         0x0000000008005c2e        0x2 
 .text.HAL_I2S_Init
                0x0000000008005c30      0x280 ./Drivers/STM32F4xx_HAL_Driver/Src/stm32f4xx_hal_i2s.o
                0x0000000008005c30                HAL_I2S_Init
 .text.HAL_I2S_Transmit_DMA
                0x0000000008005eb0      0x150 ./Drivers/STM32F4xx_HAL_Driver/Src/stm32f4xx_hal_i2s.o
                0x0000000008005eb0                HAL_I2S_Transmit_DMA
 .text.HAL_I2S_DMAPause
                0x0000000008006000       0xc4 ./Drivers/STM32F4xx_HAL_Driver/Src/stm32f4xx_hal_i2s.o
                0x0000000008006000                HAL_I2S_DMAPause
 .text.HAL_I2S_DMAResume
                0x00000000080060c4      0x128 ./Drivers/STM32F4xx_HAL_Driver/Src/stm32f4xx_hal_i2s.o
                0x00000000080060c4                HAL_I2S_DMAResume
 .text.HAL_I2S_DMAStop
                0x00000000080061ec      0x3b4 ./Drivers/STM32F4xx_HAL_Driver/Src/stm32f4xx_hal_i2s.o
                0x00000000080061ec                HAL_I2S_DMAStop
 .text.HAL_I2S_RxCpltCallback
                0x00000000080065a0       0x14 ./Drivers/STM32F4xx_HAL_Driver/Src/stm32f4xx_hal_i2s.o
                0x00000000080065a0                HAL_I2S_RxCpltCallback
 .text.HAL_I2S_GetState
                0x00000000080065b4       0x1c ./Drivers/STM32F4xx_HAL_Driver/Src/stm32f4xx_hal_i2s.o
                0x00000000080065b4                HAL_I2S_GetState
 .text.I2S_DMATxCplt
                0x00000000080065d0       0x42 ./Drivers/STM32F4xx_HAL_Driver/Src/stm32f4xx_hal_i2s.o
 .text.I2S_DMATxHalfCplt
                0x0000000008006612       0x1c ./Drivers/STM32F4xx_HAL_Driver/Src/stm32f4xx_hal_i2s.o
 .text.I2S_DMAError
                0x000000000800662e       0x4c ./Drivers/STM32F4xx_HAL_Driver/Src/stm32f4xx_hal_i2s.o
 .text.I2S_Transmit_IT
                0x000000000800667a       0x5c ./Drivers/STM32F4xx_HAL_Driver/Src/stm32f4xx_hal_i2s.o
 .text.I2S_Receive_IT
                0x00000000080066d6       0x5e ./Drivers/STM32F4xx_HAL_Driver/Src/stm32f4xx_hal_i2s.o
 .text.I2S_IRQHandler
                0x0000000008006734      0x114 ./Drivers/STM32F4xx_HAL_Driver/Src/stm32f4xx_hal_i2s.o
 .text.I2S_WaitFlagStateUntilTimeout
                0x0000000008006848       0x72 ./Drivers/STM32F4xx_HAL_Driver/Src/stm32f4xx_hal_i2s.o
 *fill*         0x00000000080068ba        0x2 
 .text.HAL_I2SEx_FullDuplex_IRQHandler
                0x00000000080068bc      0x2a8 ./Drivers/STM32F4xx_HAL_Driver/Src/stm32f4xx_hal_i2s_ex.o
                0x00000000080068bc                HAL_I2SEx_FullDuplex_IRQHandler
 .text.HAL_I2SEx_TxRxCpltCallback
                0x0000000008006b64       0x14 ./Drivers/STM32F4xx_HAL_Driver/Src/stm32f4xx_hal_i2s_ex.o
                0x0000000008006b64                HAL_I2SEx_TxRxCpltCallback
 .text.I2SEx_TxISR_I2S
                0x0000000008006b78       0x62 ./Drivers/STM32F4xx_HAL_Driver/Src/stm32f4xx_hal_i2s_ex.o
 *fill*         0x0000000008006bda        0x2 
 .text.I2SEx_TxISR_I2SExt
                0x0000000008006bdc       0x98 ./Drivers/STM32F4xx_HAL_Driver/Src/stm32f4xx_hal_i2s_ex.o
 .text.I2SEx_RxISR_I2S
                0x0000000008006c74       0x64 ./Drivers/STM32F4xx_HAL_Driver/Src/stm32f4xx_hal_i2s_ex.o
 .text.I2SEx_RxISR_I2SExt
                0x0000000008006cd8       0x98 ./Drivers/STM32F4xx_HAL_Driver/Src/stm32f4xx_hal_i2s_ex.o
 .text.HAL_RCC_OscConfig
                0x0000000008006d70      0x4f0 ./Drivers/STM32F4xx_HAL_Driver/Src/stm32f4xx_hal_rcc.o
                0x0000000008006d70                HAL_RCC_OscConfig
 .text.HAL_RCC_ClockConfig
                0x0000000008007260      0x1cc ./Drivers/STM32F4xx_HAL_Driver/Src/stm32f4xx_hal_rcc.o
                0x0000000008007260                HAL_RCC_ClockConfig
 .text.HAL_RCC_GetSysClockFreq
                0x000000000800742c      0x20c ./Drivers/STM32F4xx_HAL_Driver/Src/stm32f4xx_hal_rcc.o
                0x000000000800742c                HAL_RCC_GetSysClockFreq
 .text.HAL_RCC_GetHCLKFreq
                0x0000000008007638       0x18 ./Drivers/STM32F4xx_HAL_Driver/Src/stm32f4xx_hal_rcc.o
                0x0000000008007638                HAL_RCC_GetHCLKFreq
 .text.HAL_RCC_GetPCLK1Freq
                0x0000000008007650       0x28 ./Drivers/STM32F4xx_HAL_Driver/Src/stm32f4xx_hal_rcc.o
                0x0000000008007650                HAL_RCC_GetPCLK1Freq
 .text.HAL_RCC_GetPCLK2Freq
                0x0000000008007678       0x28 ./Drivers/STM32F4xx_HAL_Driver/Src/stm32f4xx_hal_rcc.o
                0x0000000008007678                HAL_RCC_GetPCLK2Freq
 .text.HAL_RCC_GetClockConfig
                0x00000000080076a0       0x64 ./Drivers/STM32F4xx_HAL_Driver/Src/stm32f4xx_hal_rcc.o
                0x00000000080076a0                HAL_RCC_GetClockConfig
 .text.HAL_RCCEx_PeriphCLKConfig
                0x0000000008007704      0x1c4 ./Drivers/STM32F4xx_HAL_Driver/Src/stm32f4xx_hal_rcc_ex.o
                0x0000000008007704                HAL_RCCEx_PeriphCLKConfig
 .text.HAL_RCCEx_GetPeriphCLKConfig
                0x00000000080078c8       0x58 ./Drivers/STM32F4xx_HAL_Driver/Src/stm32f4xx_hal_rcc_ex.o
                0x00000000080078c8                HAL_RCCEx_GetPeriphCLKConfig
 .text.HAL_RCCEx_GetPeriphCLKFreq
                0x0000000008007920       0xbc ./Drivers/STM32F4xx_HAL_Driver/Src/stm32f4xx_hal_rcc_ex.o
                0x0000000008007920                HAL_RCCEx_GetPeriphCLKFreq
 .text.HAL_TIM_Base_Init
                0x00000000080079dc       0x9e ./Drivers/STM32F4xx_HAL_Driver/Src/stm32f4xx_hal_tim.o
                0x00000000080079dc                HAL_TIM_Base_Init
 .text.HAL_TIM_Base_MspInit
                0x0000000008007a7a       0x14 ./Drivers/STM32F4xx_HAL_Driver/Src/stm32f4xx_hal_tim.o
                0x0000000008007a7a                HAL_TIM_Base_MspInit
 *fill*         0x0000000008007a8e        0x2 
 .text.HAL_TIM_Base_Start_IT
                0x0000000008007a90       0xe0 ./Drivers/STM32F4xx_HAL_Driver/Src/stm32f4xx_hal_tim.o
                0x0000000008007a90                HAL_TIM_Base_Start_IT
 .text.HAL_TIM_IRQHandler
                0x0000000008007b70      0x210 ./Drivers/STM32F4xx_HAL_Driver/Src/stm32f4xx_hal_tim.o
                0x0000000008007b70                HAL_TIM_IRQHandler
 .text.HAL_TIM_OC_DelayElapsedCallback
                0x0000000008007d80       0x14 ./Drivers/STM32F4xx_HAL_Driver/Src/stm32f4xx_hal_tim.o
                0x0000000008007d80                HAL_TIM_OC_DelayElapsedCallback
 .text.HAL_TIM_IC_CaptureCallback
                0x0000000008007d94       0x14 ./Drivers/STM32F4xx_HAL_Driver/Src/stm32f4xx_hal_tim.o
                0x0000000008007d94                HAL_TIM_IC_CaptureCallback
 .text.HAL_TIM_PWM_PulseFinishedCallback
                0x0000000008007da8       0x14 ./Drivers/STM32F4xx_HAL_Driver/Src/stm32f4xx_hal_tim.o
                0x0000000008007da8                HAL_TIM_PWM_PulseFinishedCallback
 .text.HAL_TIM_TriggerCallback
                0x0000000008007dbc       0x14 ./Drivers/STM32F4xx_HAL_Driver/Src/stm32f4xx_hal_tim.o
                0x0000000008007dbc                HAL_TIM_TriggerCallback
 .text.TIM_Base_SetConfig
                0x0000000008007dd0      0x140 ./Drivers/STM32F4xx_HAL_Driver/Src/stm32f4xx_hal_tim.o
                0x0000000008007dd0                TIM_Base_SetConfig
 .text.HAL_TIMEx_CommutCallback
                0x0000000008007f10       0x14 ./Drivers/STM32F4xx_HAL_Driver/Src/stm32f4xx_hal_tim_ex.o
                0x0000000008007f10                HAL_TIMEx_CommutCallback
 .text.HAL_TIMEx_BreakCallback
                0x0000000008007f24       0x14 ./Drivers/STM32F4xx_HAL_Driver/Src/stm32f4xx_hal_tim_ex.o
                0x0000000008007f24                HAL_TIMEx_BreakCallback
 .text.USB_CoreInit
                0x0000000008007f38       0xc2 ./Drivers/STM32F4xx_HAL_Driver/Src/stm32f4xx_ll_usb.o
                0x0000000008007f38                USB_CoreInit
 .text.USB_EnableGlobalInt
                0x0000000008007ffa       0x22 ./Drivers/STM32F4xx_HAL_Driver/Src/stm32f4xx_ll_usb.o
                0x0000000008007ffa                USB_EnableGlobalInt
 .text.USB_DisableGlobalInt
                0x000000000800801c       0x22 ./Drivers/STM32F4xx_HAL_Driver/Src/stm32f4xx_ll_usb.o
                0x000000000800801c                USB_DisableGlobalInt
 .text.USB_SetCurrentMode
                0x000000000800803e       0x98 ./Drivers/STM32F4xx_HAL_Driver/Src/stm32f4xx_ll_usb.o
                0x000000000800803e                USB_SetCurrentMode
 *fill*         0x00000000080080d6        0x2 
 .text.USB_FlushTxFifo
                0x00000000080080d8       0x48 ./Drivers/STM32F4xx_HAL_Driver/Src/stm32f4xx_ll_usb.o
                0x00000000080080d8                USB_FlushTxFifo
 .text.USB_FlushRxFifo
                0x0000000008008120       0x40 ./Drivers/STM32F4xx_HAL_Driver/Src/stm32f4xx_ll_usb.o
                0x0000000008008120                USB_FlushRxFifo
 .text.USB_WritePacket
                0x0000000008008160       0x7c ./Drivers/STM32F4xx_HAL_Driver/Src/stm32f4xx_ll_usb.o
                0x0000000008008160                USB_WritePacket
 .text.USB_ReadPacket
                0x00000000080081dc       0xb0 ./Drivers/STM32F4xx_HAL_Driver/Src/stm32f4xx_ll_usb.o
                0x00000000080081dc                USB_ReadPacket
 .text.USB_ReadInterrupts
                0x000000000800828c       0x26 ./Drivers/STM32F4xx_HAL_Driver/Src/stm32f4xx_ll_usb.o
                0x000000000800828c                USB_ReadInterrupts
 .text.USB_GetMode
                0x00000000080082b2       0x1c ./Drivers/STM32F4xx_HAL_Driver/Src/stm32f4xx_ll_usb.o
                0x00000000080082b2                USB_GetMode
 *fill*         0x00000000080082ce        0x2 
 .text.USB_CoreReset
                0x00000000080082d0       0x64 ./Drivers/STM32F4xx_HAL_Driver/Src/stm32f4xx_ll_usb.o
 .text.USB_HostInit
                0x0000000008008334      0x168 ./Drivers/STM32F4xx_HAL_Driver/Src/stm32f4xx_ll_usb.o
                0x0000000008008334                USB_HostInit
 .text.USB_InitFSLSPClkSel
                0x000000000800849c       0x74 ./Drivers/STM32F4xx_HAL_Driver/Src/stm32f4xx_ll_usb.o
                0x000000000800849c                USB_InitFSLSPClkSel
 .text.USB_ResetPort
                0x0000000008008510       0x54 ./Drivers/STM32F4xx_HAL_Driver/Src/stm32f4xx_ll_usb.o
                0x0000000008008510                USB_ResetPort
 .text.USB_DriveVbus
                0x0000000008008564       0x72 ./Drivers/STM32F4xx_HAL_Driver/Src/stm32f4xx_ll_usb.o
                0x0000000008008564                USB_DriveVbus
 .text.USB_GetHostSpeed
                0x00000000080085d6       0x2e ./Drivers/STM32F4xx_HAL_Driver/Src/stm32f4xx_ll_usb.o
                0x00000000080085d6                USB_GetHostSpeed
 .text.USB_GetCurrentFrame
                0x0000000008008604       0x22 ./Drivers/STM32F4xx_HAL_Driver/Src/stm32f4xx_ll_usb.o
                0x0000000008008604                USB_GetCurrentFrame
 *fill*         0x0000000008008626        0x2 
 .text.USB_HC_Init
                0x0000000008008628      0x21c ./Drivers/STM32F4xx_HAL_Driver/Src/stm32f4xx_ll_usb.o
                0x0000000008008628                USB_HC_Init
 .text.USB_HC_StartXfer
                0x0000000008008844      0x284 ./Drivers/STM32F4xx_HAL_Driver/Src/stm32f4xx_ll_usb.o
                0x0000000008008844                USB_HC_StartXfer
 .text.USB_HC_ReadInterrupt
                0x0000000008008ac8       0x22 ./Drivers/STM32F4xx_HAL_Driver/Src/stm32f4xx_ll_usb.o
                0x0000000008008ac8                USB_HC_ReadInterrupt
 .text.USB_HC_Halt
                0x0000000008008aea      0x238 ./Drivers/STM32F4xx_HAL_Driver/Src/stm32f4xx_ll_usb.o
                0x0000000008008aea                USB_HC_Halt
 *fill*         0x0000000008008d22        0x2 
 .text.USB_DoPing
                0x0000000008008d24       0x78 ./Drivers/STM32F4xx_HAL_Driver/Src/stm32f4xx_ll_usb.o
                0x0000000008008d24                USB_DoPing
 .text.USB_StopHost
                0x0000000008008d9c      0x10c ./Drivers/STM32F4xx_HAL_Driver/Src/stm32f4xx_ll_usb.o
                0x0000000008008d9c                USB_StopHost
 .text.MX_FATFS_Init
                0x0000000008008ea8       0x24 ./FATFS/App/fatfs.o
                0x0000000008008ea8                MX_FATFS_Init
 .text.get_fattime
                0x0000000008008ecc       0x10 ./FATFS/App/fatfs.o
                0x0000000008008ecc                get_fattime
 .text.USBH_initialize
                0x0000000008008edc       0x18 ./FATFS/Target/usbh_diskio.o
                0x0000000008008edc                USBH_initialize
 .text.USBH_status
                0x0000000008008ef4       0x38 ./FATFS/Target/usbh_diskio.o
                0x0000000008008ef4                USBH_status
 .text.USBH_read
                0x0000000008008f2c       0x74 ./FATFS/Target/usbh_diskio.o
                0x0000000008008f2c                USBH_read
 .text.USBH_write
                0x0000000008008fa0       0x84 ./FATFS/Target/usbh_diskio.o
                0x0000000008008fa0                USBH_write
 .text.USBH_ioctl
                0x0000000008009024       0xd8 ./FATFS/Target/usbh_diskio.o
                0x0000000008009024                USBH_ioctl
 .text.USBH_MSC_InterfaceInit
                0x00000000080090fc      0x216 ./Middlewares/ST/STM32_USB_Host_Library/Class/MSC/Src/usbh_msc.o
 .text.USBH_MSC_InterfaceDeInit
                0x0000000008009312       0x8c ./Middlewares/ST/STM32_USB_Host_Library/Class/MSC/Src/usbh_msc.o
 .text.USBH_MSC_ClassRequest
                0x000000000800939e       0xce ./Middlewares/ST/STM32_USB_Host_Library/Class/MSC/Src/usbh_msc.o
 .text.USBH_MSC_Process
                0x000000000800946c      0x520 ./Middlewares/ST/STM32_USB_Host_Library/Class/MSC/Src/usbh_msc.o
 .text.USBH_MSC_SOFProcess
                0x000000000800998c       0x16 ./Middlewares/ST/STM32_USB_Host_Library/Class/MSC/Src/usbh_msc.o
 .text.USBH_MSC_RdWrProcess
                0x00000000080099a2      0x19e ./Middlewares/ST/STM32_USB_Host_Library/Class/MSC/Src/usbh_msc.o
 .text.USBH_MSC_UnitIsReady
                0x0000000008009b40       0x4c ./Middlewares/ST/STM32_USB_Host_Library/Class/MSC/Src/usbh_msc.o
                0x0000000008009b40                USBH_MSC_UnitIsReady
 .text.USBH_MSC_GetLUNInfo
                0x0000000008009b8c       0x48 ./Middlewares/ST/STM32_USB_Host_Library/Class/MSC/Src/usbh_msc.o
                0x0000000008009b8c                USBH_MSC_GetLUNInfo
 .text.USBH_MSC_Read
                0x0000000008009bd4       0xd2 ./Middlewares/ST/STM32_USB_Host_Library/Class/MSC/Src/usbh_msc.o
                0x0000000008009bd4                USBH_MSC_Read
 .text.USBH_MSC_Write
                0x0000000008009ca6       0xd2 ./Middlewares/ST/STM32_USB_Host_Library/Class/MSC/Src/usbh_msc.o
                0x0000000008009ca6                USBH_MSC_Write
 .text.USBH_MSC_BOT_REQ_Reset
                0x0000000008009d78       0x3a ./Middlewares/ST/STM32_USB_Host_Library/Class/MSC/Src/usbh_msc_bot.o
                0x0000000008009d78                USBH_MSC_BOT_REQ_Reset
 .text.USBH_MSC_BOT_REQ_GetMaxLUN
                0x0000000008009db2       0x3c ./Middlewares/ST/STM32_USB_Host_Library/Class/MSC/Src/usbh_msc_bot.o
                0x0000000008009db2                USBH_MSC_BOT_REQ_GetMaxLUN
 *fill*         0x0000000008009dee        0x2 
 .text.USBH_MSC_BOT_Init
                0x0000000008009df0       0x44 ./Middlewares/ST/STM32_USB_Host_Library/Class/MSC/Src/usbh_msc_bot.o
                0x0000000008009df0                USBH_MSC_BOT_Init
 .text.USBH_MSC_BOT_Process
                0x0000000008009e34      0x39c ./Middlewares/ST/STM32_USB_Host_Library/Class/MSC/Src/usbh_msc_bot.o
                0x0000000008009e34                USBH_MSC_BOT_Process
 .text.USBH_MSC_BOT_Abort
                0x000000000800a1d0       0x58 ./Middlewares/ST/STM32_USB_Host_Library/Class/MSC/Src/usbh_msc_bot.o
 .text.USBH_MSC_DecodeCSW
                0x000000000800a228       0x88 ./Middlewares/ST/STM32_USB_Host_Library/Class/MSC/Src/usbh_msc_bot.o
 .text.USBH_MSC_SCSI_TestUnitReady
                0x000000000800a2b0       0x86 ./Middlewares/ST/STM32_USB_Host_Library/Class/MSC/Src/usbh_msc_scsi.o
                0x000000000800a2b0                USBH_MSC_SCSI_TestUnitReady
 .text.USBH_MSC_SCSI_ReadCapacity
                0x000000000800a336       0xf6 ./Middlewares/ST/STM32_USB_Host_Library/Class/MSC/Src/usbh_msc_scsi.o
                0x000000000800a336                USBH_MSC_SCSI_ReadCapacity
 .text.USBH_MSC_SCSI_Inquiry
                0x000000000800a42c      0x14a ./Middlewares/ST/STM32_USB_Host_Library/Class/MSC/Src/usbh_msc_scsi.o
                0x000000000800a42c                USBH_MSC_SCSI_Inquiry
 .text.USBH_MSC_SCSI_RequestSense
                0x000000000800a576       0xf2 ./Middlewares/ST/STM32_USB_Host_Library/Class/MSC/Src/usbh_msc_scsi.o
                0x000000000800a576                USBH_MSC_SCSI_RequestSense
 .text.USBH_MSC_SCSI_Write
                0x000000000800a668       0xd6 ./Middlewares/ST/STM32_USB_Host_Library/Class/MSC/Src/usbh_msc_scsi.o
                0x000000000800a668                USBH_MSC_SCSI_Write
 .text.USBH_MSC_SCSI_Read
                0x000000000800a73e       0xd6 ./Middlewares/ST/STM32_USB_Host_Library/Class/MSC/Src/usbh_msc_scsi.o
                0x000000000800a73e                USBH_MSC_SCSI_Read
 .text.USBH_Init
                0x000000000800a814       0x74 ./Middlewares/ST/STM32_USB_Host_Library/Core/Src/usbh_core.o
                0x000000000800a814                USBH_Init
 .text.DeInitStateMachine
                0x000000000800a888       0xa8 ./Middlewares/ST/STM32_USB_Host_Library/Core/Src/usbh_core.o
 .text.USBH_RegisterClass
                0x000000000800a930       0x54 ./Middlewares/ST/STM32_USB_Host_Library/Core/Src/usbh_core.o
                0x000000000800a930                USBH_RegisterClass
 .text.USBH_SelectInterface
                0x000000000800a984       0x38 ./Middlewares/ST/STM32_USB_Host_Library/Core/Src/usbh_core.o
                0x000000000800a984                USBH_SelectInterface
 .text.USBH_FindInterface
                0x000000000800a9bc       0x8c ./Middlewares/ST/STM32_USB_Host_Library/Core/Src/usbh_core.o
                0x000000000800a9bc                USBH_FindInterface
 .text.USBH_Start
                0x000000000800aa48       0x20 ./Middlewares/ST/STM32_USB_Host_Library/Core/Src/usbh_core.o
                0x000000000800aa48                USBH_Start
 .text.USBH_Process
                0x000000000800aa68      0x3c0 ./Middlewares/ST/STM32_USB_Host_Library/Core/Src/usbh_core.o
                0x000000000800aa68                USBH_Process
 .text.USBH_HandleEnum
                0x000000000800ae28      0x3c8 ./Middlewares/ST/STM32_USB_Host_Library/Core/Src/usbh_core.o
 .text.USBH_LL_SetTimer
                0x000000000800b1f0       0x1e ./Middlewares/ST/STM32_USB_Host_Library/Core/Src/usbh_core.o
                0x000000000800b1f0                USBH_LL_SetTimer
 .text.USBH_LL_IncTimer
                0x000000000800b20e       0x24 ./Middlewares/ST/STM32_USB_Host_Library/Core/Src/usbh_core.o
                0x000000000800b20e                USBH_LL_IncTimer
 .text.USBH_HandleSof
                0x000000000800b232       0x30 ./Middlewares/ST/STM32_USB_Host_Library/Core/Src/usbh_core.o
 .text.USBH_LL_PortEnabled
                0x000000000800b262       0x1c ./Middlewares/ST/STM32_USB_Host_Library/Core/Src/usbh_core.o
                0x000000000800b262                USBH_LL_PortEnabled
 .text.USBH_LL_PortDisabled
                0x000000000800b27e       0x1c ./Middlewares/ST/STM32_USB_Host_Library/Core/Src/usbh_core.o
                0x000000000800b27e                USBH_LL_PortDisabled
 .text.USBH_LL_Connect
                0x000000000800b29a       0x2e ./Middlewares/ST/STM32_USB_Host_Library/Core/Src/usbh_core.o
                0x000000000800b29a                USBH_LL_Connect
 .text.USBH_LL_Disconnect
                0x000000000800b2c8       0x48 ./Middlewares/ST/STM32_USB_Host_Library/Core/Src/usbh_core.o
                0x000000000800b2c8                USBH_LL_Disconnect
 .text.USBH_Get_DevDesc
                0x000000000800b310       0x50 ./Middlewares/ST/STM32_USB_Host_Library/Core/Src/usbh_ctlreq.o
                0x000000000800b310                USBH_Get_DevDesc
 .text.USBH_Get_CfgDesc
                0x000000000800b360       0x48 ./Middlewares/ST/STM32_USB_Host_Library/Core/Src/usbh_ctlreq.o
                0x000000000800b360                USBH_Get_CfgDesc
 .text.USBH_Get_StringDesc
                0x000000000800b3a8       0x56 ./Middlewares/ST/STM32_USB_Host_Library/Core/Src/usbh_ctlreq.o
                0x000000000800b3a8                USBH_Get_StringDesc
 .text.USBH_GetDescriptor
                0x000000000800b3fe       0x6a ./Middlewares/ST/STM32_USB_Host_Library/Core/Src/usbh_ctlreq.o
                0x000000000800b3fe                USBH_GetDescriptor
 .text.USBH_SetAddress
                0x000000000800b468       0x48 ./Middlewares/ST/STM32_USB_Host_Library/Core/Src/usbh_ctlreq.o
                0x000000000800b468                USBH_SetAddress
 .text.USBH_SetCfg
                0x000000000800b4b0       0x46 ./Middlewares/ST/STM32_USB_Host_Library/Core/Src/usbh_ctlreq.o
                0x000000000800b4b0                USBH_SetCfg
 .text.USBH_SetFeature
                0x000000000800b4f6       0x48 ./Middlewares/ST/STM32_USB_Host_Library/Core/Src/usbh_ctlreq.o
                0x000000000800b4f6                USBH_SetFeature
 .text.USBH_ClrFeature
                0x000000000800b53e       0x48 ./Middlewares/ST/STM32_USB_Host_Library/Core/Src/usbh_ctlreq.o
                0x000000000800b53e                USBH_ClrFeature
 .text.USBH_ParseDevDesc
                0x000000000800b586       0xe0 ./Middlewares/ST/STM32_USB_Host_Library/Core/Src/usbh_ctlreq.o
 .text.USBH_ParseCfgDesc
                0x000000000800b666      0x144 ./Middlewares/ST/STM32_USB_Host_Library/Core/Src/usbh_ctlreq.o
 .text.USBH_ParseInterfaceDesc
                0x000000000800b7aa       0x5e ./Middlewares/ST/STM32_USB_Host_Library/Core/Src/usbh_ctlreq.o
 .text.USBH_ParseEPDesc
                0x000000000800b808       0x5a ./Middlewares/ST/STM32_USB_Host_Library/Core/Src/usbh_ctlreq.o
 .text.USBH_ParseStringDesc
                0x000000000800b862       0x66 ./Middlewares/ST/STM32_USB_Host_Library/Core/Src/usbh_ctlreq.o
 .text.USBH_GetNextDesc
                0x000000000800b8c8       0x36 ./Middlewares/ST/STM32_USB_Host_Library/Core/Src/usbh_ctlreq.o
                0x000000000800b8c8                USBH_GetNextDesc
 .text.USBH_CtlReq
                0x000000000800b8fe       0x7a ./Middlewares/ST/STM32_USB_Host_Library/Core/Src/usbh_ctlreq.o
                0x000000000800b8fe                USBH_CtlReq
 .text.USBH_HandleControl
                0x000000000800b978      0x2e8 ./Middlewares/ST/STM32_USB_Host_Library/Core/Src/usbh_ctlreq.o
 .text.USBH_CtlSendSetup
                0x000000000800bc60       0x34 ./Middlewares/ST/STM32_USB_Host_Library/Core/Src/usbh_ioreq.o
                0x000000000800bc60                USBH_CtlSendSetup
 .text.USBH_CtlSendData
                0x000000000800bc94       0x4a ./Middlewares/ST/STM32_USB_Host_Library/Core/Src/usbh_ioreq.o
                0x000000000800bc94                USBH_CtlSendData
 .text.USBH_CtlReceiveData
                0x000000000800bcde       0x3c ./Middlewares/ST/STM32_USB_Host_Library/Core/Src/usbh_ioreq.o
                0x000000000800bcde                USBH_CtlReceiveData
 .text.USBH_BulkSendData
                0x000000000800bd1a       0x4a ./Middlewares/ST/STM32_USB_Host_Library/Core/Src/usbh_ioreq.o
                0x000000000800bd1a                USBH_BulkSendData
 .text.USBH_BulkReceiveData
                0x000000000800bd64       0x3c ./Middlewares/ST/STM32_USB_Host_Library/Core/Src/usbh_ioreq.o
                0x000000000800bd64                USBH_BulkReceiveData
 .text.USBH_OpenPipe
                0x000000000800bda0       0x3e ./Middlewares/ST/STM32_USB_Host_Library/Core/Src/usbh_pipes.o
                0x000000000800bda0                USBH_OpenPipe
 .text.USBH_ClosePipe
                0x000000000800bdde       0x20 ./Middlewares/ST/STM32_USB_Host_Library/Core/Src/usbh_pipes.o
                0x000000000800bdde                USBH_ClosePipe
 .text.USBH_AllocPipe
                0x000000000800bdfe       0x42 ./Middlewares/ST/STM32_USB_Host_Library/Core/Src/usbh_pipes.o
                0x000000000800bdfe                USBH_AllocPipe
 .text.USBH_FreePipe
                0x000000000800be40       0x3c ./Middlewares/ST/STM32_USB_Host_Library/Core/Src/usbh_pipes.o
                0x000000000800be40                USBH_FreePipe
 .text.USBH_GetFreePipe
                0x000000000800be7c       0x48 ./Middlewares/ST/STM32_USB_Host_Library/Core/Src/usbh_pipes.o
 .text.disk_status
                0x000000000800bec4       0x34 ./Middlewares/Third_Party/FatFs/src/diskio.o
                0x000000000800bec4                disk_status
 .text.disk_initialize
                0x000000000800bef8       0x4c ./Middlewares/Third_Party/FatFs/src/diskio.o
                0x000000000800bef8                disk_initialize
 .text.disk_read
                0x000000000800bf44       0x40 ./Middlewares/Third_Party/FatFs/src/diskio.o
                0x000000000800bf44                disk_read
 .text.disk_write
                0x000000000800bf84       0x40 ./Middlewares/Third_Party/FatFs/src/diskio.o
                0x000000000800bf84                disk_write
 .text.disk_ioctl
                0x000000000800bfc4       0x3c ./Middlewares/Third_Party/FatFs/src/diskio.o
                0x000000000800bfc4                disk_ioctl
 .text.ld_word  0x000000000800c000       0x30 ./Middlewares/Third_Party/FatFs/src/ff.o
 .text.ld_dword
                0x000000000800c030       0x46 ./Middlewares/Third_Party/FatFs/src/ff.o
 .text.st_word  0x000000000800c076       0x36 ./Middlewares/Third_Party/FatFs/src/ff.o
 .text.st_dword
                0x000000000800c0ac       0x58 ./Middlewares/Third_Party/FatFs/src/ff.o
 .text.mem_cpy  0x000000000800c104       0x42 ./Middlewares/Third_Party/FatFs/src/ff.o
 .text.mem_set  0x000000000800c146       0x36 ./Middlewares/Third_Party/FatFs/src/ff.o
 .text.mem_cmp  0x000000000800c17c       0x4e ./Middlewares/Third_Party/FatFs/src/ff.o
 .text.chk_chr  0x000000000800c1ca       0x36 ./Middlewares/Third_Party/FatFs/src/ff.o
 .text.chk_lock
                0x000000000800c200       0xb8 ./Middlewares/Third_Party/FatFs/src/ff.o
 .text.enq_lock
                0x000000000800c2b8       0x44 ./Middlewares/Third_Party/FatFs/src/ff.o
 .text.inc_lock
                0x000000000800c2fc      0x11c ./Middlewares/Third_Party/FatFs/src/ff.o
 .text.dec_lock
                0x000000000800c418       0x78 ./Middlewares/Third_Party/FatFs/src/ff.o
 .text.clear_lock
                0x000000000800c490       0x48 ./Middlewares/Third_Party/FatFs/src/ff.o
 .text.sync_window
                0x000000000800c4d8       0x88 ./Middlewares/Third_Party/FatFs/src/ff.o
 .text.move_window
                0x000000000800c560       0x5a ./Middlewares/Third_Party/FatFs/src/ff.o
 *fill*         0x000000000800c5ba        0x2 
 .text.sync_fs  0x000000000800c5bc       0xdc ./Middlewares/Third_Party/FatFs/src/ff.o
 .text.clust2sect
                0x000000000800c698       0x3e ./Middlewares/Third_Party/FatFs/src/ff.o
 .text.get_fat  0x000000000800c6d6      0x150 ./Middlewares/Third_Party/FatFs/src/ff.o
 .text.put_fat  0x000000000800c826      0x1d8 ./Middlewares/Third_Party/FatFs/src/ff.o
 .text.remove_chain
                0x000000000800c9fe       0xca ./Middlewares/Third_Party/FatFs/src/ff.o
 .text.create_chain
                0x000000000800cac8      0x130 ./Middlewares/Third_Party/FatFs/src/ff.o
 .text.clmt_clust
                0x000000000800cbf8       0x68 ./Middlewares/Third_Party/FatFs/src/ff.o
 .text.dir_sdi  0x000000000800cc60       0xf6 ./Middlewares/Third_Party/FatFs/src/ff.o
 .text.dir_next
                0x000000000800cd56      0x18a ./Middlewares/Third_Party/FatFs/src/ff.o
 .text.dir_alloc
                0x000000000800cee0       0x8e ./Middlewares/Third_Party/FatFs/src/ff.o
 .text.ld_clust
                0x000000000800cf6e       0x3e ./Middlewares/Third_Party/FatFs/src/ff.o
 .text.st_clust
                0x000000000800cfac       0x40 ./Middlewares/Third_Party/FatFs/src/ff.o
 .text.cmp_lfn  0x000000000800cfec       0xe0 ./Middlewares/Third_Party/FatFs/src/ff.o
 .text.pick_lfn
                0x000000000800d0cc       0xc8 ./Middlewares/Third_Party/FatFs/src/ff.o
 .text.put_lfn  0x000000000800d194       0xd0 ./Middlewares/Third_Party/FatFs/src/ff.o
 .text.gen_numname
                0x000000000800d264      0x11c ./Middlewares/Third_Party/FatFs/src/ff.o
 .text.sum_sfn  0x000000000800d380       0x42 ./Middlewares/Third_Party/FatFs/src/ff.o
 .text.dir_read
                0x000000000800d3c2      0x14e ./Middlewares/Third_Party/FatFs/src/ff.o
 .text.dir_find
                0x000000000800d510      0x180 ./Middlewares/Third_Party/FatFs/src/ff.o
 .text.dir_register
                0x000000000800d690      0x1f0 ./Middlewares/Third_Party/FatFs/src/ff.o
 .text.get_fileinfo
                0x000000000800d880      0x1ba ./Middlewares/Third_Party/FatFs/src/ff.o
 *fill*         0x000000000800da3a        0x2 
 .text.create_name
                0x000000000800da3c      0x370 ./Middlewares/Third_Party/FatFs/src/ff.o
 .text.follow_path
                0x000000000800ddac       0xe2 ./Middlewares/Third_Party/FatFs/src/ff.o
 .text.get_ldnumber
                0x000000000800de8e       0x88 ./Middlewares/Third_Party/FatFs/src/ff.o
 *fill*         0x000000000800df16        0x2 
 .text.check_fs
                0x000000000800df18       0xac ./Middlewares/Third_Party/FatFs/src/ff.o
 .text.find_volume
                0x000000000800dfc4      0x4a0 ./Middlewares/Third_Party/FatFs/src/ff.o
 .text.validate
                0x000000000800e464       0x6a ./Middlewares/Third_Party/FatFs/src/ff.o
 *fill*         0x000000000800e4ce        0x2 
 .text.f_mount  0x000000000800e4d0       0x8c ./Middlewares/Third_Party/FatFs/src/ff.o
                0x000000000800e4d0                f_mount
 .text.f_open   0x000000000800e55c      0x37c ./Middlewares/Third_Party/FatFs/src/ff.o
                0x000000000800e55c                f_open
 .text.f_read   0x000000000800e8d8      0x27e ./Middlewares/Third_Party/FatFs/src/ff.o
                0x000000000800e8d8                f_read
 .text.f_sync   0x000000000800eb56       0xfc ./Middlewares/Third_Party/FatFs/src/ff.o
                0x000000000800eb56                f_sync
 .text.f_close  0x000000000800ec52       0x54 ./Middlewares/Third_Party/FatFs/src/ff.o
                0x000000000800ec52                f_close
 .text.f_lseek  0x000000000800eca6      0x412 ./Middlewares/Third_Party/FatFs/src/ff.o
                0x000000000800eca6                f_lseek
 .text.f_opendir
                0x000000000800f0b8       0xe6 ./Middlewares/Third_Party/FatFs/src/ff.o
                0x000000000800f0b8                f_opendir
 .text.f_closedir
                0x000000000800f19e       0x4c ./Middlewares/Third_Party/FatFs/src/ff.o
                0x000000000800f19e                f_closedir
 .text.f_readdir
                0x000000000800f1ea       0x7a ./Middlewares/Third_Party/FatFs/src/ff.o
                0x000000000800f1ea                f_readdir
 .text.FATFS_LinkDriverEx
                0x000000000800f264       0x98 ./Middlewares/Third_Party/FatFs/src/ff_gen_drv.o
                0x000000000800f264                FATFS_LinkDriverEx
 .text.FATFS_LinkDriver
                0x000000000800f2fc       0x1e ./Middlewares/Third_Party/FatFs/src/ff_gen_drv.o
                0x000000000800f2fc                FATFS_LinkDriver
 *fill*         0x000000000800f31a        0x2 
 .text.ff_convert
                0x000000000800f31c       0x78 ./Middlewares/Third_Party/FatFs/src/option/ccsbcs.o
                0x000000000800f31c                ff_convert
 .text.ff_wtoupper
                0x000000000800f394      0x114 ./Middlewares/Third_Party/FatFs/src/option/ccsbcs.o
                0x000000000800f394                ff_wtoupper
 .text.MX_USB_HOST_Init
                0x000000000800f4a8       0x4c ./USB_HOST/App/usb_host.o
                0x000000000800f4a8                MX_USB_HOST_Init
 .text.MX_USB_HOST_Process
                0x000000000800f4f4       0x14 ./USB_HOST/App/usb_host.o
                0x000000000800f4f4                MX_USB_HOST_Process
 .text.USBH_UserProcess
                0x000000000800f508       0x5c ./USB_HOST/App/usb_host.o
 .text.HAL_HCD_MspInit
                0x000000000800f564       0xc4 ./USB_HOST/Target/usbh_conf.o
                0x000000000800f564                HAL_HCD_MspInit
 .text.HAL_HCD_SOF_Callback
                0x000000000800f628       0x1c ./USB_HOST/Target/usbh_conf.o
                0x000000000800f628                HAL_HCD_SOF_Callback
 .text.HAL_HCD_Connect_Callback
                0x000000000800f644       0x1c ./USB_HOST/Target/usbh_conf.o
                0x000000000800f644                HAL_HCD_Connect_Callback
 .text.HAL_HCD_Disconnect_Callback
                0x000000000800f660       0x1c ./USB_HOST/Target/usbh_conf.o
                0x000000000800f660                HAL_HCD_Disconnect_Callback
 .text.HAL_HCD_HC_NotifyURBChange_Callback
                0x000000000800f67c       0x1c ./USB_HOST/Target/usbh_conf.o
                0x000000000800f67c                HAL_HCD_HC_NotifyURBChange_Callback
 .text.HAL_HCD_PortEnabled_Callback
                0x000000000800f698       0x1c ./USB_HOST/Target/usbh_conf.o
                0x000000000800f698                HAL_HCD_PortEnabled_Callback
 .text.HAL_HCD_PortDisabled_Callback
                0x000000000800f6b4       0x1c ./USB_HOST/Target/usbh_conf.o
                0x000000000800f6b4                HAL_HCD_PortDisabled_Callback
 .text.USBH_LL_Init
                0x000000000800f6d0       0x78 ./USB_HOST/Target/usbh_conf.o
                0x000000000800f6d0                USBH_LL_Init
 .text.USBH_LL_Start
                0x000000000800f748       0x36 ./USB_HOST/Target/usbh_conf.o
                0x000000000800f748                USBH_LL_Start
 .text.USBH_LL_Stop
                0x000000000800f77e       0x36 ./USB_HOST/Target/usbh_conf.o
                0x000000000800f77e                USBH_LL_Stop
 .text.USBH_LL_GetSpeed
                0x000000000800f7b4       0x4e ./USB_HOST/Target/usbh_conf.o
                0x000000000800f7b4                USBH_LL_GetSpeed
 .text.USBH_LL_ResetPort
                0x000000000800f802       0x36 ./USB_HOST/Target/usbh_conf.o
                0x000000000800f802                USBH_LL_ResetPort
 .text.USBH_LL_GetLastXferSize
                0x000000000800f838       0x26 ./USB_HOST/Target/usbh_conf.o
                0x000000000800f838                USBH_LL_GetLastXferSize
 .text.USBH_LL_OpenPipe
                0x000000000800f85e       0x5e ./USB_HOST/Target/usbh_conf.o
                0x000000000800f85e                USBH_LL_OpenPipe
 .text.USBH_LL_ClosePipe
                0x000000000800f8bc       0x3e ./USB_HOST/Target/usbh_conf.o
                0x000000000800f8bc                USBH_LL_ClosePipe
 .text.USBH_LL_SubmitURB
                0x000000000800f8fa       0x62 ./USB_HOST/Target/usbh_conf.o
                0x000000000800f8fa                USBH_LL_SubmitURB
 .text.USBH_LL_GetURBState
                0x000000000800f95c       0x26 ./USB_HOST/Target/usbh_conf.o
                0x000000000800f95c                USBH_LL_GetURBState
 .text.USBH_LL_DriverVBUS
                0x000000000800f982       0x2e ./USB_HOST/Target/usbh_conf.o
                0x000000000800f982                USBH_LL_DriverVBUS
 .text.USBH_LL_SetToggle
                0x000000000800f9b0       0x60 ./USB_HOST/Target/usbh_conf.o
                0x000000000800f9b0                USBH_LL_SetToggle
 .text.USBH_LL_GetToggle
                0x000000000800fa10       0x60 ./USB_HOST/Target/usbh_conf.o
                0x000000000800fa10                USBH_LL_GetToggle
 .text.USBH_Delay
                0x000000000800fa70       0x16 ./USB_HOST/Target/usbh_conf.o
                0x000000000800fa70                USBH_Delay
 *fill*         0x000000000800fa86        0x2 
 .text.USBH_Get_USB_Status
                0x000000000800fa88       0x58 ./USB_HOST/Target/usbh_conf.o
                0x000000000800fa88                USBH_Get_USB_Status
 .text.MX_DriverVbusFS
                0x000000000800fae0       0x38 ./USB_HOST/Target/usbh_platform.o
                0x000000000800fae0                MX_DriverVbusFS
 .text.__errno  0x000000000800fb18        0xc c:/st/stm32cubeide_1.7.0/stm32cubeide/plugins/com.st.stm32cube.ide.mcu.externaltools.gnu-tools-for-stm32.10.3-2021.10.win32_1.0.0.202111181127/tools/bin/../lib/gcc/arm-none-eabi/10.3.1/../../../../arm-none-eabi/lib/thumb/v7e-m+fp/hard\libc_nano.a(lib_a-errno.o)
                0x000000000800fb18                __errno
 .text.__libc_init_array
                0x000000000800fb24       0x48 c:/st/stm32cubeide_1.7.0/stm32cubeide/plugins/com.st.stm32cube.ide.mcu.externaltools.gnu-tools-for-stm32.10.3-2021.10.win32_1.0.0.202111181127/tools/bin/../lib/gcc/arm-none-eabi/10.3.1/../../../../arm-none-eabi/lib/thumb/v7e-m+fp/hard\libc_nano.a(lib_a-init.o)
                0x000000000800fb24                __libc_init_array
 .text.malloc   0x000000000800fb6c       0x10 c:/st/stm32cubeide_1.7.0/stm32cubeide/plugins/com.st.stm32cube.ide.mcu.externaltools.gnu-tools-for-stm32.10.3-2021.10.win32_1.0.0.202111181127/tools/bin/../lib/gcc/arm-none-eabi/10.3.1/../../../../arm-none-eabi/lib/thumb/v7e-m+fp/hard\libc_nano.a(lib_a-malloc.o)
                0x000000000800fb6c                malloc
 .text.free     0x000000000800fb7c       0x10 c:/st/stm32cubeide_1.7.0/stm32cubeide/plugins/com.st.stm32cube.ide.mcu.externaltools.gnu-tools-for-stm32.10.3-2021.10.win32_1.0.0.202111181127/tools/bin/../lib/gcc/arm-none-eabi/10.3.1/../../../../arm-none-eabi/lib/thumb/v7e-m+fp/hard\libc_nano.a(lib_a-malloc.o)
                0x000000000800fb7c                free
 .text.memcpy   0x000000000800fb8c       0x1c c:/st/stm32cubeide_1.7.0/stm32cubeide/plugins/com.st.stm32cube.ide.mcu.externaltools.gnu-tools-for-stm32.10.3-2021.10.win32_1.0.0.202111181127/tools/bin/../lib/gcc/arm-none-eabi/10.3.1/../../../../arm-none-eabi/lib/thumb/v7e-m+fp/hard\libc_nano.a(lib_a-memcpy-stub.o)
                0x000000000800fb8c                memcpy
 .text.memset   0x000000000800fba8       0x10 c:/st/stm32cubeide_1.7.0/stm32cubeide/plugins/com.st.stm32cube.ide.mcu.externaltools.gnu-tools-for-stm32.10.3-2021.10.win32_1.0.0.202111181127/tools/bin/../lib/gcc/arm-none-eabi/10.3.1/../../../../arm-none-eabi/lib/thumb/v7e-m+fp/hard\libc_nano.a(lib_a-memset.o)
                0x000000000800fba8                memset
 .text._free_r  0x000000000800fbb8       0x98 c:/st/stm32cubeide_1.7.0/stm32cubeide/plugins/com.st.stm32cube.ide.mcu.externaltools.gnu-tools-for-stm32.10.3-2021.10.win32_1.0.0.202111181127/tools/bin/../lib/gcc/arm-none-eabi/10.3.1/../../../../arm-none-eabi/lib/thumb/v7e-m+fp/hard\libc_nano.a(lib_a-nano-freer.o)
                0x000000000800fbb8                _free_r
 .text.sbrk_aligned
                0x000000000800fc50       0x40 c:/st/stm32cubeide_1.7.0/stm32cubeide/plugins/com.st.stm32cube.ide.mcu.externaltools.gnu-tools-for-stm32.10.3-2021.10.win32_1.0.0.202111181127/tools/bin/../lib/gcc/arm-none-eabi/10.3.1/../../../../arm-none-eabi/lib/thumb/v7e-m+fp/hard\libc_nano.a(lib_a-nano-mallocr.o)
 .text._malloc_r
                0x000000000800fc90       0xe8 c:/st/stm32cubeide_1.7.0/stm32cubeide/plugins/com.st.stm32cube.ide.mcu.externaltools.gnu-tools-for-stm32.10.3-2021.10.win32_1.0.0.202111181127/tools/bin/../lib/gcc/arm-none-eabi/10.3.1/../../../../arm-none-eabi/lib/thumb/v7e-m+fp/hard\libc_nano.a(lib_a-nano-mallocr.o)
                0x000000000800fc90                _malloc_r
 .text._sbrk_r  0x000000000800fd78       0x20 c:/st/stm32cubeide_1.7.0/stm32cubeide/plugins/com.st.stm32cube.ide.mcu.externaltools.gnu-tools-for-stm32.10.3-2021.10.win32_1.0.0.202111181127/tools/bin/../lib/gcc/arm-none-eabi/10.3.1/../../../../arm-none-eabi/lib/thumb/v7e-m+fp/hard\libc_nano.a(lib_a-sbrkr.o)
                0x000000000800fd78                _sbrk_r
 .text.strncpy  0x000000000800fd98       0x26 c:/st/stm32cubeide_1.7.0/stm32cubeide/plugins/com.st.stm32cube.ide.mcu.externaltools.gnu-tools-for-stm32.10.3-2021.10.win32_1.0.0.202111181127/tools/bin/../lib/gcc/arm-none-eabi/10.3.1/../../../../arm-none-eabi/lib/thumb/v7e-m+fp/hard\libc_nano.a(lib_a-strncpy.o)
                0x000000000800fd98                strncpy
 .text.strstr   0x000000000800fdbe       0x2c c:/st/stm32cubeide_1.7.0/stm32cubeide/plugins/com.st.stm32cube.ide.mcu.externaltools.gnu-tools-for-stm32.10.3-2021.10.win32_1.0.0.202111181127/tools/bin/../lib/gcc/arm-none-eabi/10.3.1/../../../../arm-none-eabi/lib/thumb/v7e-m+fp/hard\libc_nano.a(lib_a-strstr.o)
                0x000000000800fdbe                strstr
 *fill*         0x000000000800fdea        0x2 
 .text.__malloc_lock
                0x000000000800fdec        0xc c:/st/stm32cubeide_1.7.0/stm32cubeide/plugins/com.st.stm32cube.ide.mcu.externaltools.gnu-tools-for-stm32.10.3-2021.10.win32_1.0.0.202111181127/tools/bin/../lib/gcc/arm-none-eabi/10.3.1/../../../../arm-none-eabi/lib/thumb/v7e-m+fp/hard\libc_nano.a(lib_a-mlock.o)
                0x000000000800fdec                __malloc_lock
 .text.__malloc_unlock
                0x000000000800fdf8        0xc c:/st/stm32cubeide_1.7.0/stm32cubeide/plugins/com.st.stm32cube.ide.mcu.externaltools.gnu-tools-for-stm32.10.3-2021.10.win32_1.0.0.202111181127/tools/bin/../lib/gcc/arm-none-eabi/10.3.1/../../../../arm-none-eabi/lib/thumb/v7e-m+fp/hard\libc_nano.a(lib_a-mlock.o)
                0x000000000800fdf8                __malloc_unlock
 .text.__retarget_lock_acquire_recursive
                0x000000000800fe04        0x2 c:/st/stm32cubeide_1.7.0/stm32cubeide/plugins/com.st.stm32cube.ide.mcu.externaltools.gnu-tools-for-stm32.10.3-2021.10.win32_1.0.0.202111181127/tools/bin/../lib/gcc/arm-none-eabi/10.3.1/../../../../arm-none-eabi/lib/thumb/v7e-m+fp/hard\libc_nano.a(lib_a-lock.o)
                0x000000000800fe04                __retarget_lock_acquire_recursive
 .text.__retarget_lock_release_recursive
                0x000000000800fe06        0x2 c:/st/stm32cubeide_1.7.0/stm32cubeide/plugins/com.st.stm32cube.ide.mcu.externaltools.gnu-tools-for-stm32.10.3-2021.10.win32_1.0.0.202111181127/tools/bin/../lib/gcc/arm-none-eabi/10.3.1/../../../../arm-none-eabi/lib/thumb/v7e-m+fp/hard\libc_nano.a(lib_a-lock.o)
                0x000000000800fe06                __retarget_lock_release_recursive
 *(.glue_7)
 .glue_7        0x000000000800fe08        0x0 linker stubs
 *(.glue_7t)
 .glue_7t       0x000000000800fe08        0x0 linker stubs
 *(.eh_frame)
 .eh_frame      0x000000000800fe08        0x0 c:/st/stm32cubeide_1.7.0/stm32cubeide/plugins/com.st.stm32cube.ide.mcu.externaltools.gnu-tools-for-stm32.10.3-2021.10.win32_1.0.0.202111181127/tools/bin/../lib/gcc/arm-none-eabi/10.3.1/thumb/v7e-m+fp/hard/crtbegin.o
 *(.init)
 .init          0x000000000800fe08        0x4 c:/st/stm32cubeide_1.7.0/stm32cubeide/plugins/com.st.stm32cube.ide.mcu.externaltools.gnu-tools-for-stm32.10.3-2021.10.win32_1.0.0.202111181127/tools/bin/../lib/gcc/arm-none-eabi/10.3.1/thumb/v7e-m+fp/hard/crti.o
                0x000000000800fe08                _init
 .init          0x000000000800fe0c        0x8 c:/st/stm32cubeide_1.7.0/stm32cubeide/plugins/com.st.stm32cube.ide.mcu.externaltools.gnu-tools-for-stm32.10.3-2021.10.win32_1.0.0.202111181127/tools/bin/../lib/gcc/arm-none-eabi/10.3.1/thumb/v7e-m+fp/hard/crtn.o
 *(.fini)
 .fini          0x000000000800fe14        0x4 c:/st/stm32cubeide_1.7.0/stm32cubeide/plugins/com.st.stm32cube.ide.mcu.externaltools.gnu-tools-for-stm32.10.3-2021.10.win32_1.0.0.202111181127/tools/bin/../lib/gcc/arm-none-eabi/10.3.1/thumb/v7e-m+fp/hard/crti.o
                0x000000000800fe14                _fini
 .fini          0x000000000800fe18        0x8 c:/st/stm32cubeide_1.7.0/stm32cubeide/plugins/com.st.stm32cube.ide.mcu.externaltools.gnu-tools-for-stm32.10.3-2021.10.win32_1.0.0.202111181127/tools/bin/../lib/gcc/arm-none-eabi/10.3.1/thumb/v7e-m+fp/hard/crtn.o
                0x000000000800fe20                . = ALIGN (0x4)
                0x000000000800fe20                _etext = .

.vfp11_veneer   0x000000000800fe20        0x0
 .vfp11_veneer  0x000000000800fe20        0x0 linker stubs

.v4_bx          0x000000000800fe20        0x0
 .v4_bx         0x000000000800fe20        0x0 linker stubs

.iplt           0x000000000800fe20        0x0
 .iplt          0x000000000800fe20        0x0 c:/st/stm32cubeide_1.7.0/stm32cubeide/plugins/com.st.stm32cube.ide.mcu.externaltools.gnu-tools-for-stm32.10.3-2021.10.win32_1.0.0.202111181127/tools/bin/../lib/gcc/arm-none-eabi/10.3.1/thumb/v7e-m+fp/hard/crtbegin.o

.rodata         0x000000000800fe20      0x528
                0x000000000800fe20                . = ALIGN (0x4)
 *(.rodata)
 .rodata        0x000000000800fe20        0x8 ./Core/Src/File_Handling.o
 .rodata        0x000000000800fe28        0x4 ./Middlewares/ST/STM32_USB_Host_Library/Class/MSC/Src/usbh_msc.o
 .rodata        0x000000000800fe2c       0x48 ./Middlewares/Third_Party/FatFs/src/ff.o
 *(.rodata*)
 .rodata.I2SFreq
                0x000000000800fe74       0x20 ./Core/Src/AUDIO.o
                0x000000000800fe74                I2SFreq
 .rodata.I2SPLLN
                0x000000000800fe94       0x20 ./Core/Src/AUDIO.o
                0x000000000800fe94                I2SPLLN
 .rodata.I2SPLLR
                0x000000000800feb4       0x20 ./Core/Src/AUDIO.o
                0x000000000800feb4                I2SPLLR
 .rodata.AHBPrescTable
                0x000000000800fed4       0x10 ./Core/Src/system_stm32f4xx.o
                0x000000000800fed4                AHBPrescTable
 .rodata.APBPrescTable
                0x000000000800fee4        0x8 ./Core/Src/system_stm32f4xx.o
                0x000000000800fee4                APBPrescTable
 .rodata.flagBitshiftOffset.0
                0x000000000800feec        0x8 ./Drivers/STM32F4xx_HAL_Driver/Src/stm32f4xx_hal_dma.o
 .rodata.USBH_Driver
                0x000000000800fef4       0x14 ./FATFS/Target/usbh_diskio.o
                0x000000000800fef4                USBH_Driver
 .rodata.ExCvt  0x000000000800ff08       0x80 ./Middlewares/Third_Party/FatFs/src/ff.o
 .rodata.LfnOfs
                0x000000000800ff88        0xd ./Middlewares/Third_Party/FatFs/src/ff.o
 *fill*         0x000000000800ff95        0x3 
 .rodata.Tbl    0x000000000800ff98      0x100 ./Middlewares/Third_Party/FatFs/src/option/ccsbcs.o
 .rodata.cvt1.1
                0x0000000008010098      0x1f2 ./Middlewares/Third_Party/FatFs/src/option/ccsbcs.o
 *fill*         0x000000000801028a        0x2 
 .rodata.cvt2.0
                0x000000000801028c       0xbc ./Middlewares/Third_Party/FatFs/src/option/ccsbcs.o
                0x0000000008010348                . = ALIGN (0x4)

.ARM.extab      0x0000000008010348        0x0
                0x0000000008010348                . = ALIGN (0x4)
 *(.ARM.extab* .gnu.linkonce.armextab.*)
                0x0000000008010348                . = ALIGN (0x4)

.ARM            0x0000000008010348        0x8
                0x0000000008010348                . = ALIGN (0x4)
                0x0000000008010348                __exidx_start = .
 *(.ARM.exidx*)
 .ARM.exidx     0x0000000008010348        0x8 c:/st/stm32cubeide_1.7.0/stm32cubeide/plugins/com.st.stm32cube.ide.mcu.externaltools.gnu-tools-for-stm32.10.3-2021.10.win32_1.0.0.202111181127/tools/bin/../lib/gcc/arm-none-eabi/10.3.1/thumb/v7e-m+fp/hard\libgcc.a(_udivmoddi4.o)
                0x0000000008010350                __exidx_end = .
                0x0000000008010350                . = ALIGN (0x4)

.rel.dyn        0x0000000008010350        0x0
 .rel.iplt      0x0000000008010350        0x0 c:/st/stm32cubeide_1.7.0/stm32cubeide/plugins/com.st.stm32cube.ide.mcu.externaltools.gnu-tools-for-stm32.10.3-2021.10.win32_1.0.0.202111181127/tools/bin/../lib/gcc/arm-none-eabi/10.3.1/thumb/v7e-m+fp/hard/crtbegin.o

.preinit_array  0x0000000008010350        0x0
                0x0000000008010350                . = ALIGN (0x4)
                0x0000000008010350                PROVIDE (__preinit_array_start = .)
 *(.preinit_array*)
                0x0000000008010350                PROVIDE (__preinit_array_end = .)
                0x0000000008010350                . = ALIGN (0x4)

.init_array     0x0000000008010350        0x4
                0x0000000008010350                . = ALIGN (0x4)
                0x0000000008010350                PROVIDE (__init_array_start = .)
 *(SORT_BY_NAME(.init_array.*))
 *(.init_array*)
 .init_array    0x0000000008010350        0x4 c:/st/stm32cubeide_1.7.0/stm32cubeide/plugins/com.st.stm32cube.ide.mcu.externaltools.gnu-tools-for-stm32.10.3-2021.10.win32_1.0.0.202111181127/tools/bin/../lib/gcc/arm-none-eabi/10.3.1/thumb/v7e-m+fp/hard/crtbegin.o
                0x0000000008010354                PROVIDE (__init_array_end = .)
                0x0000000008010354                . = ALIGN (0x4)

.fini_array     0x0000000008010354        0x4
                0x0000000008010354                . = ALIGN (0x4)
                [!provide]                        PROVIDE (__fini_array_start = .)
 *(SORT_BY_NAME(.fini_array.*))
 *(.fini_array*)
 .fini_array    0x0000000008010354        0x4 c:/st/stm32cubeide_1.7.0/stm32cubeide/plugins/com.st.stm32cube.ide.mcu.externaltools.gnu-tools-for-stm32.10.3-2021.10.win32_1.0.0.202111181127/tools/bin/../lib/gcc/arm-none-eabi/10.3.1/thumb/v7e-m+fp/hard/crtbegin.o
                [!provide]                        PROVIDE (__fini_array_end = .)
                0x0000000008010358                . = ALIGN (0x4)
                0x0000000008010358                _sidata = LOADADDR (.data)

.data           0x0000000020000000       0xcc load address 0x0000000008010358
                0x0000000020000000                . = ALIGN (0x4)
                0x0000000020000000                _sdata = .
 *(.data)
 *(.data*)
 .data.I2cxTimeout
                0x0000000020000000        0x4 ./Core/Src/AUDIO_LINK.o
                0x0000000020000000                I2cxTimeout
 .data.cs43l22_drv
                0x0000000020000004       0x30 ./Core/Src/cs43l22.o
                0x0000000020000004                cs43l22_drv
 .data.Is_cs43l22_Stop
                0x0000000020000034        0x1 ./Core/Src/cs43l22.o
 *fill*         0x0000000020000035        0x3 
 .data.SystemCoreClock
                0x0000000020000038        0x4 ./Core/Src/system_stm32f4xx.o
                0x0000000020000038                SystemCoreClock
 .data.uwVolume
                0x000000002000003c        0x4 ./Core/Src/waveplayer.o
 .data.uwTickPrio
                0x0000000020000040        0x4 ./Drivers/STM32F4xx_HAL_Driver/Src/stm32f4xx_hal.o
                0x0000000020000040                uwTickPrio
 .data.uwTickFreq
                0x0000000020000044        0x1 ./Drivers/STM32F4xx_HAL_Driver/Src/stm32f4xx_hal.o
                0x0000000020000044                uwTickFreq
 *fill*         0x0000000020000045        0x3 
 .data.USBH_msc
                0x0000000020000048       0x20 ./Middlewares/ST/STM32_USB_Host_Library/Class/MSC/Src/usbh_msc.o
                0x0000000020000048                USBH_msc
 .data._impure_ptr
                0x0000000020000068        0x4 c:/st/stm32cubeide_1.7.0/stm32cubeide/plugins/com.st.stm32cube.ide.mcu.externaltools.gnu-tools-for-stm32.10.3-2021.10.win32_1.0.0.202111181127/tools/bin/../lib/gcc/arm-none-eabi/10.3.1/../../../../arm-none-eabi/lib/thumb/v7e-m+fp/hard\libc_nano.a(lib_a-impure.o)
                0x0000000020000068                _impure_ptr
 .data.impure_data
                0x000000002000006c       0x60 c:/st/stm32cubeide_1.7.0/stm32cubeide/plugins/com.st.stm32cube.ide.mcu.externaltools.gnu-tools-for-stm32.10.3-2021.10.win32_1.0.0.202111181127/tools/bin/../lib/gcc/arm-none-eabi/10.3.1/../../../../arm-none-eabi/lib/thumb/v7e-m+fp/hard\libc_nano.a(lib_a-impure.o)
 *(.RamFunc)
 *(.RamFunc*)
                0x00000000200000cc                . = ALIGN (0x4)
                0x00000000200000cc                _edata = .
                0x0000000008010424                _siccmram = LOADADDR (.ccmram)

.igot.plt       0x00000000200000cc        0x0 load address 0x0000000008010424
 .igot.plt      0x00000000200000cc        0x0 c:/st/stm32cubeide_1.7.0/stm32cubeide/plugins/com.st.stm32cube.ide.mcu.externaltools.gnu-tools-for-stm32.10.3-2021.10.win32_1.0.0.202111181127/tools/bin/../lib/gcc/arm-none-eabi/10.3.1/thumb/v7e-m+fp/hard/crtbegin.o

.ccmram         0x0000000010000000        0x0 load address 0x0000000008010424
                0x0000000010000000                . = ALIGN (0x4)
                0x0000000010000000                _sccmram = .
 *(.ccmram)
 *(.ccmram*)
                0x0000000010000000                . = ALIGN (0x4)
                0x0000000010000000                _eccmram = .
                0x0000000010000000                . = ALIGN (0x4)

.bss            0x00000000200000cc     0x2418
                0x00000000200000cc                _sbss = .
                0x00000000200000cc                __bss_start__ = _sbss
 *(.bss)
 .bss           0x00000000200000cc       0x1c c:/st/stm32cubeide_1.7.0/stm32cubeide/plugins/com.st.stm32cube.ide.mcu.externaltools.gnu-tools-for-stm32.10.3-2021.10.win32_1.0.0.202111181127/tools/bin/../lib/gcc/arm-none-eabi/10.3.1/thumb/v7e-m+fp/hard/crtbegin.o
 *(.bss*)
 .bss.pAudioDrv
                0x00000000200000e8        0x4 ./Core/Src/AUDIO.o
 .bss.hAudioOutI2s
                0x00000000200000ec       0x48 ./Core/Src/AUDIO.o
                0x00000000200000ec                hAudioOutI2s
 .bss.hdma_i2sTx.0
                0x0000000020000134       0x60 ./Core/Src/AUDIO.o
 .bss.I2cHandle
                0x0000000020000194       0x54 ./Core/Src/AUDIO_LINK.o
 .bss.fresult   0x00000000200001e8        0x1 ./Core/Src/File_Handling.o
                0x00000000200001e8                fresult
 *fill*         0x00000000200001e9        0x1 
 .bss.NumObs    0x00000000200001ea        0x2 ./Core/Src/File_Handling.o
                0x00000000200001ea                NumObs
 .bss.OutputDev
                0x00000000200001ec        0x1 ./Core/Src/cs43l22.o
                0x00000000200001ec                OutputDev
 *fill*         0x00000000200001ed        0x3 
 .bss.hi2c1     0x00000000200001f0       0x54 ./Core/Src/main.o
                0x00000000200001f0                hi2c1
 .bss.hi2s3     0x0000000020000244       0x48 ./Core/Src/main.o
                0x0000000020000244                hi2s3
 .bss.hdma_spi3_tx
                0x000000002000028c       0x60 ./Core/Src/main.o
                0x000000002000028c                hdma_spi3_tx
 .bss.IsFinished
                0x00000000200002ec        0x4 ./Core/Src/main.o
                0x00000000200002ec                IsFinished
 .bss.htim1     0x00000000200002f0       0x48 ./Core/Src/stm32f4xx_hal_timebase_tim.o
                0x00000000200002f0                htim1
 .bss.__sbrk_heap_end
                0x0000000020000338        0x4 ./Core/Src/sysmem.o
 .bss.BufferCtl
                0x000000002000033c     0x1008 ./Core/Src/waveplayer.o
 .bss.AudioState
                0x0000000020001344        0x1 ./Core/Src/waveplayer.o
                0x0000000020001344                AudioState
 *fill*         0x0000000020001345        0x1 
 .bss.FilePos   0x0000000020001346        0x2 ./Core/Src/waveplayer.o
 .bss.FileList  0x0000000020001348      0x3da ./Core/Src/waveplayer.o
                0x0000000020001348                FileList
 *fill*         0x0000000020001722        0x2 
 .bss.WaveFormat
                0x0000000020001724       0x2c ./Core/Src/waveplayer.o
                0x0000000020001724                WaveFormat
 .bss.WavFile   0x0000000020001750      0x230 ./Core/Src/waveplayer.o
                0x0000000020001750                WavFile
 .bss.uwTick    0x0000000020001980        0x4 ./Drivers/STM32F4xx_HAL_Driver/Src/stm32f4xx_hal.o
                0x0000000020001980                uwTick
 .bss.retUSBH   0x0000000020001984        0x1 ./FATFS/App/fatfs.o
                0x0000000020001984                retUSBH
 *fill*         0x0000000020001985        0x3 
 .bss.USBHPath  0x0000000020001988        0x4 ./FATFS/App/fatfs.o
                0x0000000020001988                USBHPath
 .bss.USBHFatFS
                0x000000002000198c      0x234 ./FATFS/App/fatfs.o
                0x000000002000198c                USBHFatFS
 .bss.FatFs     0x0000000020001bc0        0x4 ./Middlewares/Third_Party/FatFs/src/ff.o
 .bss.Fsid      0x0000000020001bc4        0x2 ./Middlewares/Third_Party/FatFs/src/ff.o
 *fill*         0x0000000020001bc6        0x2 
 .bss.Files     0x0000000020001bc8       0x20 ./Middlewares/Third_Party/FatFs/src/ff.o
 .bss.LfnBuf    0x0000000020001be8      0x200 ./Middlewares/Third_Party/FatFs/src/ff.o
 .bss.disk      0x0000000020001de8        0xc ./Middlewares/Third_Party/FatFs/src/ff_gen_drv.o
                0x0000000020001de8                disk
 .bss.hUsbHostFS
                0x0000000020001df4      0x3d8 ./USB_HOST/App/usb_host.o
                0x0000000020001df4                hUsbHostFS
 .bss.Appli_state
                0x00000000200021cc        0x1 ./USB_HOST/App/usb_host.o
                0x00000000200021cc                Appli_state
 *fill*         0x00000000200021cd        0x3 
 .bss.hhcd_USB_OTG_FS
                0x00000000200021d0      0x304 ./USB_HOST/Target/usbh_conf.o
                0x00000000200021d0                hhcd_USB_OTG_FS
 .bss.__malloc_free_list
                0x00000000200024d4        0x4 c:/st/stm32cubeide_1.7.0/stm32cubeide/plugins/com.st.stm32cube.ide.mcu.externaltools.gnu-tools-for-stm32.10.3-2021.10.win32_1.0.0.202111181127/tools/bin/../lib/gcc/arm-none-eabi/10.3.1/../../../../arm-none-eabi/lib/thumb/v7e-m+fp/hard\libc_nano.a(lib_a-nano-mallocr.o)
                0x00000000200024d4                __malloc_free_list
 .bss.__malloc_sbrk_start
                0x00000000200024d8        0x4 c:/st/stm32cubeide_1.7.0/stm32cubeide/plugins/com.st.stm32cube.ide.mcu.externaltools.gnu-tools-for-stm32.10.3-2021.10.win32_1.0.0.202111181127/tools/bin/../lib/gcc/arm-none-eabi/10.3.1/../../../../arm-none-eabi/lib/thumb/v7e-m+fp/hard\libc_nano.a(lib_a-nano-mallocr.o)
                0x00000000200024d8                __malloc_sbrk_start
 .bss.errno     0x00000000200024dc        0x4 c:/st/stm32cubeide_1.7.0/stm32cubeide/plugins/com.st.stm32cube.ide.mcu.externaltools.gnu-tools-for-stm32.10.3-2021.10.win32_1.0.0.202111181127/tools/bin/../lib/gcc/arm-none-eabi/10.3.1/../../../../arm-none-eabi/lib/thumb/v7e-m+fp/hard\libc_nano.a(lib_a-reent.o)
                0x00000000200024dc                errno
 .bss.__lock___malloc_recursive_mutex
                0x00000000200024e0        0x1 c:/st/stm32cubeide_1.7.0/stm32cubeide/plugins/com.st.stm32cube.ide.mcu.externaltools.gnu-tools-for-stm32.10.3-2021.10.win32_1.0.0.202111181127/tools/bin/../lib/gcc/arm-none-eabi/10.3.1/../../../../arm-none-eabi/lib/thumb/v7e-m+fp/hard\libc_nano.a(lib_a-lock.o)
                0x00000000200024e0                __lock___malloc_recursive_mutex
 *(COMMON)
                0x00000000200024e4                . = ALIGN (0x4)
 *fill*         0x00000000200024e1        0x3 
                0x00000000200024e4                _ebss = .
                0x00000000200024e4                __bss_end__ = _ebss

._user_heap_stack
                0x00000000200024e4      0x604
                0x00000000200024e8                . = ALIGN (0x8)